#
# There is insufficient memory for the Java Runtime Environment to continue.
# Native memory allocation (malloc) failed to allocate 1048576 bytes. Error detail: AllocateHeap
# Possible reasons:
#   The system is out of physical RAM or swap space
#   This process is running with CompressedOops enabled, and the Java Heap may be blocking the growth of the native heap
# Possible solutions:
#   Reduce memory load on the system
#   Increase physical memory or swap space
#   Check if swap backing store is full
#   Decrease Java heap size (-Xmx/-Xms)
#   Decrease number of Java threads
#   Decrease Java thread stack sizes (-Xss)
#   Set larger code cache with -XX:ReservedCodeCacheSize=
#   JVM is running with Unscaled Compressed Oops mode in which the Java heap is
#     placed in the first 4GB address space. The Java Heap base address is the
#     maximum limit for the native heap growth. Please use -XX:HeapBaseMinAddress
#     to set the Java Heap base and to place the Java Heap above 4GB virtual address.
# This output file may be truncated or incomplete.
#
#  Out of Memory Error (allocation.cpp:44), pid=79096, tid=32624
#
# JRE version: OpenJDK Runtime Environment Temurin-21.0.10+7 (21.0.10+7) (build 21.0.10+7-LTS)
# Java VM: OpenJDK 64-Bit Server VM Temurin-21.0.10+7 (21.0.10+7-LTS, mixed mode, sharing, tiered, compressed oops, compressed class ptrs, parallel gc, windows-amd64)
# No core dump will be written. Minidumps are not enabled by default on client versions of Windows
#

---------------  S U M M A R Y ------------

Command Line: --add-modules=ALL-SYSTEM --add-opens=java.base/java.util=ALL-UNNAMED --add-opens=java.base/java.lang=ALL-UNNAMED --add-opens=java.base/sun.nio.fs=ALL-UNNAMED -Declipse.application=org.eclipse.jdt.ls.core.id1 -Dosgi.bundles.defaultStartLevel=4 -Declipse.product=org.eclipse.jdt.ls.core.product -Djava.import.generatesMetadataFilesAtProjectRoot=false -DDetectVMInstallationsJob.disabled=true -Dfile.encoding=utf8 -XX:+UseParallelGC -XX:GCTimeRatio=4 -XX:AdaptiveSizePolicyWeight=90 -Dsun.zip.disableMemoryMapping=true -Xmx2G -Xms100m -Xlog:disable -javaagent:c:\Users\gurja\.antigravity\extensions\redhat.java-1.54.0-win32-x64\lombok\lombok-1.18.39-4050.jar -XX:+HeapDumpOnOutOfMemoryError -XX:HeapDumpPath=c:\Users\gurja\AppData\Roaming\Antigravity\User\workspaceStorage\6ec21c92fab77b4201c32639b03c9de3\redhat.java -Daether.dependencyCollector.impl=bf c:\Users\gurja\.antigravity\extensions\redhat.java-1.54.0-win32-x64\server\plugins\org.eclipse.equinox.launcher_1.7.100.v20251111-0406.jar -configuration c:\Users\gurja\AppData\Roaming\Antigravity\User\globalStorage\redhat.java\1.54.0\config_win -data c:\Users\gurja\AppData\Roaming\Antigravity\User\workspaceStorage\6ec21c92fab77b4201c32639b03c9de3\redhat.java\jdt_ws --pipe=\\.\pipe\lsp-1dd9577b95ee15931b99a0eb680e3633-sock

Host: 13th Gen Intel(R) Core(TM) i7-1355U, 12 cores, 15G,  Windows 11 , 64 bit Build 26100 (10.0.26100.8246)
Time: Tue May  5 16:11:40 2026 India Standard Time elapsed time: 284.480603 seconds (0d 0h 4m 44s)

---------------  T H R E A D  ---------------

Current thread (0x0000015c6f8631f0):  JavaThread "Attach Listener" daemon [_thread_in_vm, id=32624, stack(0x0000002136400000,0x0000002136500000) (1024K)]

Stack: [0x0000002136400000,0x0000002136500000]
Native frames: (J=compiled Java code, j=interpreted, Vv=VM code, C=native code)
V  [jvm.dll+0x6d7a39]
V  [jvm.dll+0x8b4b26]
V  [jvm.dll+0x8b70de]
V  [jvm.dll+0x8b77c3]
V  [jvm.dll+0x284346]
V  [jvm.dll+0xc1277]
V  [jvm.dll+0x6d82e9]
V  [jvm.dll+0x1334a6]
V  [jvm.dll+0x3f857e]
V  [jvm.dll+0x85f59d]
V  [jvm.dll+0x6d626d]
C  [ucrtbase.dll+0x37b0]
C  [KERNEL32.DLL+0x2e8d7]
C  [ntdll.dll+0x8c3fc]


---------------  P R O C E S S  ---------------

Threads class SMR info:
_java_thread_list=0x0000015c503da6c0, length=45, elements={
0x0000015c6d4547e0, 0x0000015c6f97c9f0, 0x0000015c6f97e7a0, 0x0000015c6f862530,
0x0000015c6f8631f0, 0x0000015c6f863d80, 0x0000015c6f866b90, 0x0000015c6f867920,
0x0000015c783dde90, 0x0000015c785a4660, 0x0000015c7858aae0, 0x0000015c79cd8660,
0x0000015c79d13d60, 0x0000015c79c906e0, 0x0000015c79c90d50, 0x0000015c7e4dff60,
0x0000015c785b5d40, 0x0000015c785592e0, 0x0000015c7e7724a0, 0x0000015c7e76fd40,
0x0000015c7e7703d0, 0x0000015c7e7710f0, 0x0000015c7e771780, 0x0000015c7e771e10,
0x0000015c50ffaed0, 0x0000015c50ffbbf0, 0x0000015c50ffe350, 0x0000015c50ffc910,
0x0000015c50ffe9e0, 0x0000015c50ffdcc0, 0x0000015c50ffd630, 0x0000015c50ffc280,
0x0000015c50ffcfa0, 0x0000015c50ffb560, 0x0000015c50fff070, 0x0000015c51001e60,
0x0000015c510017d0, 0x0000015c51000ab0, 0x0000015c50fffd90, 0x0000015c51001140,
0x0000015c50fff700, 0x0000015c7ee89500, 0x0000015c7ee86da0, 0x0000015c7ee86710,
0x0000015c7ee87430
}

Java Threads: ( => current thread )
  0x0000015c6d4547e0 JavaThread "main"                              [_thread_blocked, id=48992, stack(0x0000002135c00000,0x0000002135d00000) (1024K)]
  0x0000015c6f97c9f0 JavaThread "Reference Handler"          daemon [_thread_blocked, id=18116, stack(0x0000002136100000,0x0000002136200000) (1024K)]
  0x0000015c6f97e7a0 JavaThread "Finalizer"                  daemon [_thread_blocked, id=70960, stack(0x0000002136200000,0x0000002136300000) (1024K)]
  0x0000015c6f862530 JavaThread "Signal Dispatcher"          daemon [_thread_blocked, id=48332, stack(0x0000002136300000,0x0000002136400000) (1024K)]
=>0x0000015c6f8631f0 JavaThread "Attach Listener"            daemon [_thread_in_vm, id=32624, stack(0x0000002136400000,0x0000002136500000) (1024K)]
  0x0000015c6f863d80 JavaThread "Service Thread"             daemon [_thread_blocked, id=58976, stack(0x0000002136500000,0x0000002136600000) (1024K)]
  0x0000015c6f866b90 JavaThread "Monitor Deflation Thread"   daemon [_thread_blocked, id=41400, stack(0x0000002136600000,0x0000002136700000) (1024K)]
  0x0000015c6f867920 JavaThread "C2 CompilerThread0"         daemon [_thread_blocked, id=86100, stack(0x0000002136700000,0x0000002136800000) (1024K)]
  0x0000015c783dde90 JavaThread "C1 CompilerThread0"         daemon [_thread_blocked, id=99240, stack(0x0000002136800000,0x0000002136900000) (1024K)]
  0x0000015c785a4660 JavaThread "Common-Cleaner"             daemon [_thread_blocked, id=22224, stack(0x0000002136a00000,0x0000002136b00000) (1024K)]
  0x0000015c7858aae0 JavaThread "Notification Thread"        daemon [_thread_blocked, id=20988, stack(0x0000002136900000,0x0000002136a00000) (1024K)]
  0x0000015c79cd8660 JavaThread "Active Thread: Equinox Container: b9971d38-91fc-4116-b2be-05148bb42830"        [_thread_blocked, id=12752, stack(0x0000002137300000,0x0000002137400000) (1024K)]
  0x0000015c79d13d60 JavaThread "Refresh Thread: Equinox Container: b9971d38-91fc-4116-b2be-05148bb42830" daemon [_thread_blocked, id=95852, stack(0x0000002137500000,0x0000002137600000) (1024K)]
  0x0000015c79c906e0 JavaThread "Framework Event Dispatcher: Equinox Container: b9971d38-91fc-4116-b2be-05148bb42830" daemon [_thread_blocked, id=58200, stack(0x0000002137600000,0x0000002137700000) (1024K)]
  0x0000015c79c90d50 JavaThread "Start Level: Equinox Container: b9971d38-91fc-4116-b2be-05148bb42830" daemon [_thread_blocked, id=24876, stack(0x0000002137700000,0x0000002137800000) (1024K)]
  0x0000015c7e4dff60 JavaThread "Bundle File Closer"         daemon [_thread_blocked, id=19528, stack(0x0000002137a00000,0x0000002137b00000) (1024K)]
  0x0000015c785b5d40 JavaThread "SCR Component Actor"        daemon [_thread_blocked, id=16848, stack(0x0000002136b00000,0x0000002136c00000) (1024K)]
  0x0000015c785592e0 JavaThread "Worker-JM"                         [_thread_blocked, id=8112, stack(0x0000002137c00000,0x0000002137d00000) (1024K)]
  0x0000015c7e7724a0 JavaThread "JNA Cleaner"                daemon [_thread_blocked, id=21716, stack(0x0000002137200000,0x0000002137300000) (1024K)]
  0x0000015c7e76fd40 JavaThread "Java indexing"              daemon [_thread_blocked, id=96648, stack(0x0000002137f00000,0x0000002138000000) (1024K)]
  0x0000015c7e7703d0 JavaThread "Worker-3"                          [_thread_blocked, id=39004, stack(0x0000002138400000,0x0000002138500000) (1024K)]
  0x0000015c7e7710f0 JavaThread "Worker-4"                          [_thread_blocked, id=24280, stack(0x0000002138500000,0x0000002138600000) (1024K)]
  0x0000015c7e771780 JavaThread "Thread-1"                   daemon [_thread_in_native, id=33016, stack(0x0000002138600000,0x0000002138700000) (1024K)]
  0x0000015c7e771e10 JavaThread "Thread-2"                   daemon [_thread_in_native, id=76760, stack(0x0000002138700000,0x0000002138800000) (1024K)]
  0x0000015c50ffaed0 JavaThread "Thread-3"                   daemon [_thread_in_native, id=45464, stack(0x0000002138800000,0x0000002138900000) (1024K)]
  0x0000015c50ffbbf0 JavaThread "Thread-4"                   daemon [_thread_in_native, id=6964, stack(0x0000002138900000,0x0000002138a00000) (1024K)]
  0x0000015c50ffe350 JavaThread "Thread-5"                   daemon [_thread_in_native, id=75304, stack(0x0000002138a00000,0x0000002138b00000) (1024K)]
  0x0000015c50ffc910 JavaThread "Thread-6"                   daemon [_thread_in_native, id=39572, stack(0x0000002138b00000,0x0000002138c00000) (1024K)]
  0x0000015c50ffe9e0 JavaThread "Thread-7"                   daemon [_thread_in_native, id=44512, stack(0x0000002138c00000,0x0000002138d00000) (1024K)]
  0x0000015c50ffdcc0 JavaThread "Thread-8"                   daemon [_thread_in_native, id=3064, stack(0x0000002138d00000,0x0000002138e00000) (1024K)]
  0x0000015c50ffd630 JavaThread "Thread-9"                   daemon [_thread_in_native, id=47884, stack(0x0000002138e00000,0x0000002138f00000) (1024K)]
  0x0000015c50ffc280 JavaThread "Thread-10"                  daemon [_thread_in_native, id=48932, stack(0x0000002138f00000,0x0000002139000000) (1024K)]
  0x0000015c50ffcfa0 JavaThread "Thread-11"                  daemon [_thread_in_native, id=103100, stack(0x0000002139000000,0x0000002139100000) (1024K)]
  0x0000015c50ffb560 JavaThread "Thread-12"                  daemon [_thread_in_native, id=16700, stack(0x0000002139100000,0x0000002139200000) (1024K)]
  0x0000015c50fff070 JavaThread "Thread-13"                  daemon [_thread_in_native, id=82724, stack(0x0000002139200000,0x0000002139300000) (1024K)]
  0x0000015c51001e60 JavaThread "pool-2-thread-1"                   [_thread_blocked, id=26320, stack(0x0000002139300000,0x0000002139400000) (1024K)]
  0x0000015c510017d0 JavaThread "WorkspaceEventsHandler"            [_thread_blocked, id=87824, stack(0x0000002139500000,0x0000002139600000) (1024K)]
  0x0000015c51000ab0 JavaThread "pool-1-thread-1"                   [_thread_blocked, id=53624, stack(0x0000002139600000,0x0000002139700000) (1024K)]
  0x0000015c50fffd90 JavaThread "ForkJoinPool.commonPool-worker-2" daemon [_thread_blocked, id=62544, stack(0x0000002139800000,0x0000002139900000) (1024K)]
  0x0000015c51001140 JavaThread "ForkJoinPool.commonPool-worker-3" daemon [_thread_blocked, id=63572, stack(0x0000002139900000,0x0000002139a00000) (1024K)]
  0x0000015c50fff700 JavaThread "ForkJoinPool.commonPool-worker-5" daemon [_thread_blocked, id=57084, stack(0x0000002139b00000,0x0000002139c00000) (1024K)]
  0x0000015c7ee89500 JavaThread "ForkJoinPool.commonPool-worker-6" daemon [_thread_blocked, id=36008, stack(0x0000002139c00000,0x0000002139d00000) (1024K)]
  0x0000015c7ee86da0 JavaThread "ForkJoinPool.commonPool-worker-7" daemon [_thread_blocked, id=32588, stack(0x0000002139d00000,0x0000002139e00000) (1024K)]
  0x0000015c7ee86710 JavaThread "ForkJoinPool.commonPool-worker-8" daemon [_thread_blocked, id=79404, stack(0x0000002139e00000,0x0000002139f00000) (1024K)]
  0x0000015c7ee87430 JavaThread "ForkJoinPool.commonPool-worker-10" daemon [_thread_blocked, id=90032, stack(0x000000213a000000,0x000000213a100000) (1024K)]
Total: 45

Other Threads:
  0x0000015c783c2a30 VMThread "VM Thread"                           [id=47032, stack(0x0000002136000000,0x0000002136100000) (1024K)]
  0x0000015c6f74ca00 WatcherThread "VM Periodic Task Thread"        [id=84496, stack(0x0000002135f00000,0x0000002136000000) (1024K)]
  0x0000015c6f908800 WorkerThread "GC Thread#0"                     [id=60292, stack(0x0000002135e00000,0x0000002135f00000) (1024K)]
  0x0000015c7969e440 WorkerThread "GC Thread#1"                     [id=60152, stack(0x0000002136c00000,0x0000002136d00000) (1024K)]
  0x0000015c7874e650 WorkerThread "GC Thread#2"                     [id=65068, stack(0x0000002136d00000,0x0000002136e00000) (1024K)]
  0x0000015c7874ea00 WorkerThread "GC Thread#3"                     [id=75956, stack(0x0000002136e00000,0x0000002136f00000) (1024K)]
  0x0000015c78753620 WorkerThread "GC Thread#4"                     [id=62456, stack(0x0000002136f00000,0x0000002137000000) (1024K)]
  0x0000015c787539d0 WorkerThread "GC Thread#5"                     [id=78600, stack(0x0000002137000000,0x0000002137100000) (1024K)]
  0x0000015c79c139b0 WorkerThread "GC Thread#6"                     [id=1312, stack(0x0000002137100000,0x0000002137200000) (1024K)]
  0x0000015c79d12d70 WorkerThread "GC Thread#7"                     [id=92976, stack(0x0000002137400000,0x0000002137500000) (1024K)]
  0x0000015c7e4044e0 WorkerThread "GC Thread#8"                     [id=100944, stack(0x0000002137800000,0x0000002137900000) (1024K)]
  0x0000015c79c8d250 WorkerThread "GC Thread#9"                     [id=72548, stack(0x0000002137900000,0x0000002137a00000) (1024K)]
Total: 12

Threads with active compile tasks:
Total: 0

VM state: not at safepoint (normal execution)

VM Mutex/Monitor currently owned by a thread: None

Heap address: 0x0000000080000000, size: 2048 MB, Compressed Oops mode: 32-bit

CDS archive(s) mapped at: [0x0000015c0f000000-0x0000015c0fba0000-0x0000015c0fba0000), size 12189696, SharedBaseAddress: 0x0000015c0f000000, ArchiveRelocationMode: 1.
Compressed class space mapped at: 0x0000015c10000000-0x0000015c50000000, reserved size: 1073741824
Narrow klass base: 0x0000015c0f000000, Narrow klass shift: 0, Narrow klass range: 0x100000000

GC Precious Log:
 CardTable entry size: 512
 CPUs: 12 total, 12 available
 Memory: 16068M
 Large Page Support: Disabled
 NUMA Support: Disabled
 Compressed Oops: Enabled (32-bit)
 Alignments: Space 512K, Generation 512K, Heap 2M
 Heap Min Capacity: 100M
 Heap Initial Capacity: 100M
 Heap Max Capacity: 2G
 Pre-touch: Disabled
 Parallel Workers: 10

Heap:
 PSYoungGen      total 17408K, used 1925K [0x00000000d5580000, 0x00000000d6780000, 0x0000000100000000)
  eden space 16384K, 7% used [0x00000000d5580000,0x00000000d56a1550,0x00000000d6580000)
  from space 1024K, 75% used [0x00000000d6680000,0x00000000d6740000,0x00000000d6780000)
  to   space 1024K, 0% used [0x00000000d6580000,0x00000000d6580000,0x00000000d6680000)
 ParOldGen       total 68608K, used 61947K [0x0000000080000000, 0x0000000084300000, 0x00000000d5580000)
  object space 68608K, 90% used [0x0000000080000000,0x0000000083c7eca8,0x0000000084300000)
 Metaspace       used 63354K, committed 64704K, reserved 1114112K
  class space    used 6885K, committed 7424K, reserved 1048576K

Card table byte_map: [0x0000015c6f260000,0x0000015c6f670000] _byte_map_base: 0x0000015c6ee60000

Marking Bits: (ParMarkBitMap*) 0x00007ff99b693450
 Begin Bits: [0x0000015c72d70000, 0x0000015c74d70000)
 End Bits:   [0x0000015c74d70000, 0x0000015c76d70000)

Polling page: 0x0000015c6d730000

Metaspace:

Usage:
  Non-class:     55.15 MB used.
      Class:      6.72 MB used.
       Both:     61.87 MB used.

Virtual space:
  Non-class space:       64.00 MB reserved,      55.94 MB ( 87%) committed,  1 nodes.
      Class space:        1.00 GB reserved,       7.25 MB ( <1%) committed,  1 nodes.
             Both:        1.06 GB reserved,      63.19 MB (  6%) committed. 

Chunk freelists:
   Non-Class:  7.75 MB
       Class:  8.63 MB
        Both:  16.38 MB

MaxMetaspaceSize: unlimited
CompressedClassSpaceSize: 1.00 GB
Initial GC threshold: 21.00 MB
Current GC threshold: 97.31 MB
CDS: on
 - commit_granule_bytes: 65536.
 - commit_granule_words: 8192.
 - virtual_space_node_default_size: 8388608.
 - enlarge_chunks_in_place: 1.
 - use_allocation_guard: 0.


Internal statistics:

num_allocs_failed_limit: 9.
num_arena_births: 1160.
num_arena_deaths: 14.
num_vsnodes_births: 2.
num_vsnodes_deaths: 0.
num_space_committed: 1011.
num_space_uncommitted: 0.
num_chunks_returned_to_freelist: 23.
num_chunks_taken_from_freelist: 3976.
num_chunk_merges: 12.
num_chunk_splits: 2415.
num_chunks_enlarged: 1321.
num_inconsistent_stats: 0.

CodeHeap 'non-profiled nmethods': size=120000Kb used=5699Kb max_used=5699Kb free=114300Kb
 bounds [0x0000015c07ad0000, 0x0000015c08070000, 0x0000015c0f000000]
CodeHeap 'profiled nmethods': size=120000Kb used=19676Kb max_used=19676Kb free=100323Kb
 bounds [0x0000015c00000000, 0x0000015c01340000, 0x0000015c07530000]
CodeHeap 'non-nmethods': size=5760Kb used=1441Kb max_used=1499Kb free=4318Kb
 bounds [0x0000015c07530000, 0x0000015c077a0000, 0x0000015c07ad0000]
CodeCache: size=245760Kb, used=26816Kb, max_used=26874Kb, free=218941Kb
 total_blobs=10142, nmethods=9389, adapters=659, full_count=0
Compilation: enabled, stopped_count=0, restarted_count=0

Compilation events (20 events):
Event: 32.640 Thread 0x0000015c7ee9fbf0 10193       4       java.lang.String::subSequence (7 bytes)
Event: 32.645 Thread 0x0000015c7ee9fbf0 nmethod 10193 0x0000015c08050e10 code [0x0000015c08050fe0, 0x0000015c08051630]
Event: 32.645 Thread 0x0000015c7ee9fbf0 10192       4       java.util.regex.Matcher::find (69 bytes)
Event: 32.653 Thread 0x0000015c7ee9fbf0 nmethod 10192 0x0000015c08051990 code [0x0000015c08051b40, 0x0000015c08051e08]
Event: 32.653 Thread 0x0000015c7ee9fbf0 10169       4       org.osgi.framework.Version::hashCode (65 bytes)
Event: 32.655 Thread 0x0000015c7ee9fbf0 nmethod 10169 0x0000015c08052010 code [0x0000015c080521a0, 0x0000015c080522d8]
Event: 32.662 Thread 0x0000015c7ee9ee50 nmethod 10179 0x0000015c08052390 code [0x0000015c08052760, 0x0000015c08054018]
Event: 32.681 Thread 0x0000015c783dde90 10197       3       sun.nio.ch.FileLockTable::removeKeyIfEmpty (64 bytes)
Event: 32.682 Thread 0x0000015c783dde90 nmethod 10197 0x0000015c01331790 code [0x0000015c01331960, 0x0000015c01331cc8]
Event: 32.957 Thread 0x0000015c6f867920 nmethod 10153 0x0000015c08055790 code [0x0000015c08056280, 0x0000015c0805c7c8]
Event: 81.623 Thread 0x0000015c783dde90 10198       3       org.eclipse.core.internal.jobs.JobQueue::peek (26 bytes)
Event: 81.624 Thread 0x0000015c783dde90 nmethod 10198 0x0000015c01331e10 code [0x0000015c01331fc0, 0x0000015c01332158]
Event: 120.016 Thread 0x0000015c783dde90 10199       3       java.util.concurrent.ScheduledThreadPoolExecutor::canRunInCurrentRunState (61 bytes)
Event: 120.018 Thread 0x0000015c783dde90 nmethod 10199 0x0000015c01332210 code [0x0000015c01332420, 0x0000015c01332bd0]
Event: 127.490 Thread 0x0000015c783dde90 10200   !   3       java.util.concurrent.FutureTask::run (123 bytes)
Event: 127.498 Thread 0x0000015c783dde90 nmethod 10200 0x0000015c01332e10 code [0x0000015c013333a0, 0x0000015c01336418]
Event: 140.032 Thread 0x0000015c783dde90 10201       1       java.util.concurrent.ThreadPoolExecutor::getQueue (5 bytes)
Event: 140.033 Thread 0x0000015c783dde90 nmethod 10201 0x0000015c08060b10 code [0x0000015c08060ca0, 0x0000015c08060d68]
Event: 265.977 Thread 0x0000015c783dde90 10202   !   3       java.lang.Object::wait (50 bytes)
Event: 265.987 Thread 0x0000015c783dde90 nmethod 10202 0x0000015c01337390 code [0x0000015c013375a0, 0x0000015c01337b08]

GC Heap History (20 events):
Event: 24.268 GC heap before
{Heap before GC invocations=44 (full 3):
 PSYoungGen      total 18432K, used 18432K [0x00000000d5580000, 0x00000000d6a00000, 0x0000000100000000)
  eden space 17408K, 100% used [0x00000000d5580000,0x00000000d6680000,0x00000000d6680000)
  from space 1024K, 100% used [0x00000000d6900000,0x00000000d6a00000,0x00000000d6a00000)
  to   space 1536K, 0% used [0x00000000d6700000,0x00000000d6700000,0x00000000d6880000)
 ParOldGen       total 68608K, used 56144K [0x0000000080000000, 0x0000000084300000, 0x00000000d5580000)
  object space 68608K, 81% used [0x0000000080000000,0x00000000836d41c0,0x0000000084300000)
 Metaspace       used 59171K, committed 60608K, reserved 1114112K
  class space    used 6553K, committed 7168K, reserved 1048576K
}
Event: 24.270 GC heap after
{Heap after GC invocations=44 (full 3):
 PSYoungGen      total 18944K, used 768K [0x00000000d5580000, 0x00000000d6980000, 0x0000000100000000)
  eden space 17408K, 0% used [0x00000000d5580000,0x00000000d5580000,0x00000000d6680000)
  from space 1536K, 50% used [0x00000000d6700000,0x00000000d67c0000,0x00000000d6880000)
  to   space 1024K, 0% used [0x00000000d6880000,0x00000000d6880000,0x00000000d6980000)
 ParOldGen       total 68608K, used 57094K [0x0000000080000000, 0x0000000084300000, 0x00000000d5580000)
  object space 68608K, 83% used [0x0000000080000000,0x00000000837c1b10,0x0000000084300000)
 Metaspace       used 59171K, committed 60608K, reserved 1114112K
  class space    used 6553K, committed 7168K, reserved 1048576K
}
Event: 24.369 GC heap before
{Heap before GC invocations=45 (full 3):
 PSYoungGen      total 18944K, used 18176K [0x00000000d5580000, 0x00000000d6980000, 0x0000000100000000)
  eden space 17408K, 100% used [0x00000000d5580000,0x00000000d6680000,0x00000000d6680000)
  from space 1536K, 50% used [0x00000000d6700000,0x00000000d67c0000,0x00000000d6880000)
  to   space 1024K, 0% used [0x00000000d6880000,0x00000000d6880000,0x00000000d6980000)
 ParOldGen       total 68608K, used 57094K [0x0000000080000000, 0x0000000084300000, 0x00000000d5580000)
  object space 68608K, 83% used [0x0000000080000000,0x00000000837c1b10,0x0000000084300000)
 Metaspace       used 59313K, committed 60736K, reserved 1114112K
  class space    used 6565K, committed 7168K, reserved 1048576K
}
Event: 24.371 GC heap after
{Heap after GC invocations=45 (full 3):
 PSYoungGen      total 18432K, used 992K [0x00000000d5580000, 0x00000000d6a80000, 0x0000000100000000)
  eden space 17408K, 0% used [0x00000000d5580000,0x00000000d5580000,0x00000000d6680000)
  from space 1024K, 96% used [0x00000000d6880000,0x00000000d6978020,0x00000000d6980000)
  to   space 2048K, 0% used [0x00000000d6680000,0x00000000d6680000,0x00000000d6880000)
 ParOldGen       total 68608K, used 57678K [0x0000000080000000, 0x0000000084300000, 0x00000000d5580000)
  object space 68608K, 84% used [0x0000000080000000,0x0000000083853b20,0x0000000084300000)
 Metaspace       used 59313K, committed 60736K, reserved 1114112K
  class space    used 6565K, committed 7168K, reserved 1048576K
}
Event: 24.452 GC heap before
{Heap before GC invocations=46 (full 3):
 PSYoungGen      total 18432K, used 18400K [0x00000000d5580000, 0x00000000d6a80000, 0x0000000100000000)
  eden space 17408K, 100% used [0x00000000d5580000,0x00000000d6680000,0x00000000d6680000)
  from space 1024K, 96% used [0x00000000d6880000,0x00000000d6978020,0x00000000d6980000)
  to   space 2048K, 0% used [0x00000000d6680000,0x00000000d6680000,0x00000000d6880000)
 ParOldGen       total 68608K, used 57678K [0x0000000080000000, 0x0000000084300000, 0x00000000d5580000)
  object space 68608K, 84% used [0x0000000080000000,0x0000000083853b20,0x0000000084300000)
 Metaspace       used 59743K, committed 61120K, reserved 1114112K
  class space    used 6581K, committed 7168K, reserved 1048576K
}
Event: 24.454 GC heap after
{Heap after GC invocations=46 (full 3):
 PSYoungGen      total 18944K, used 1184K [0x00000000d5580000, 0x00000000d6980000, 0x0000000100000000)
  eden space 17408K, 0% used [0x00000000d5580000,0x00000000d5580000,0x00000000d6680000)
  from space 1536K, 77% used [0x00000000d6680000,0x00000000d67a8000,0x00000000d6800000)
  to   space 1536K, 0% used [0x00000000d6800000,0x00000000d6800000,0x00000000d6980000)
 ParOldGen       total 68608K, used 58430K [0x0000000080000000, 0x0000000084300000, 0x00000000d5580000)
  object space 68608K, 85% used [0x0000000080000000,0x000000008390fb20,0x0000000084300000)
 Metaspace       used 59743K, committed 61120K, reserved 1114112K
  class space    used 6581K, committed 7168K, reserved 1048576K
}
Event: 24.536 GC heap before
{Heap before GC invocations=47 (full 3):
 PSYoungGen      total 18944K, used 18592K [0x00000000d5580000, 0x00000000d6980000, 0x0000000100000000)
  eden space 17408K, 100% used [0x00000000d5580000,0x00000000d6680000,0x00000000d6680000)
  from space 1536K, 77% used [0x00000000d6680000,0x00000000d67a8000,0x00000000d6800000)
  to   space 1536K, 0% used [0x00000000d6800000,0x00000000d6800000,0x00000000d6980000)
 ParOldGen       total 68608K, used 58430K [0x0000000080000000, 0x0000000084300000, 0x00000000d5580000)
  object space 68608K, 85% used [0x0000000080000000,0x000000008390fb20,0x0000000084300000)
 Metaspace       used 59976K, committed 61440K, reserved 1114112K
  class space    used 6615K, committed 7232K, reserved 1048576K
}
Event: 24.540 GC heap after
{Heap after GC invocations=47 (full 3):
 PSYoungGen      total 18944K, used 1088K [0x00000000d5580000, 0x00000000d6980000, 0x0000000100000000)
  eden space 17408K, 0% used [0x00000000d5580000,0x00000000d5580000,0x00000000d6680000)
  from space 1536K, 70% used [0x00000000d6800000,0x00000000d6910000,0x00000000d6980000)
  to   space 1536K, 0% used [0x00000000d6680000,0x00000000d6680000,0x00000000d6800000)
 ParOldGen       total 68608K, used 59366K [0x0000000080000000, 0x0000000084300000, 0x00000000d5580000)
  object space 68608K, 86% used [0x0000000080000000,0x00000000839f9b20,0x0000000084300000)
 Metaspace       used 59976K, committed 61440K, reserved 1114112K
  class space    used 6615K, committed 7232K, reserved 1048576K
}
Event: 24.576 GC heap before
{Heap before GC invocations=48 (full 3):
 PSYoungGen      total 18944K, used 18496K [0x00000000d5580000, 0x00000000d6980000, 0x0000000100000000)
  eden space 17408K, 100% used [0x00000000d5580000,0x00000000d6680000,0x00000000d6680000)
  from space 1536K, 70% used [0x00000000d6800000,0x00000000d6910000,0x00000000d6980000)
  to   space 1536K, 0% used [0x00000000d6680000,0x00000000d6680000,0x00000000d6800000)
 ParOldGen       total 68608K, used 59366K [0x0000000080000000, 0x0000000084300000, 0x00000000d5580000)
  object space 68608K, 86% used [0x0000000080000000,0x00000000839f9b20,0x0000000084300000)
 Metaspace       used 60081K, committed 61568K, reserved 1114112K
  class space    used 6620K, committed 7232K, reserved 1048576K
}
Event: 24.578 GC heap after
{Heap after GC invocations=48 (full 3):
 PSYoungGen      total 18944K, used 1056K [0x00000000d5580000, 0x00000000d6980000, 0x0000000100000000)
  eden space 17408K, 0% used [0x00000000d5580000,0x00000000d5580000,0x00000000d6680000)
  from space 1536K, 68% used [0x00000000d6680000,0x00000000d6788000,0x00000000d6800000)
  to   space 1536K, 0% used [0x00000000d6800000,0x00000000d6800000,0x00000000d6980000)
 ParOldGen       total 68608K, used 60134K [0x0000000080000000, 0x0000000084300000, 0x00000000d5580000)
  object space 68608K, 87% used [0x0000000080000000,0x0000000083ab9b20,0x0000000084300000)
 Metaspace       used 60081K, committed 61568K, reserved 1114112K
  class space    used 6620K, committed 7232K, reserved 1048576K
}
Event: 24.680 GC heap before
{Heap before GC invocations=49 (full 3):
 PSYoungGen      total 18944K, used 18434K [0x00000000d5580000, 0x00000000d6980000, 0x0000000100000000)
  eden space 17408K, 99% used [0x00000000d5580000,0x00000000d6678850,0x00000000d6680000)
  from space 1536K, 68% used [0x00000000d6680000,0x00000000d6788000,0x00000000d6800000)
  to   space 1536K, 0% used [0x00000000d6800000,0x00000000d6800000,0x00000000d6980000)
 ParOldGen       total 68608K, used 60134K [0x0000000080000000, 0x0000000084300000, 0x00000000d5580000)
  object space 68608K, 87% used [0x0000000080000000,0x0000000083ab9b20,0x0000000084300000)
 Metaspace       used 60369K, committed 61824K, reserved 1114112K
  class space    used 6636K, committed 7232K, reserved 1048576K
}
Event: 24.683 GC heap after
{Heap after GC invocations=49 (full 3):
 PSYoungGen      total 17920K, used 1531K [0x00000000d5580000, 0x00000000d6b80000, 0x0000000100000000)
  eden space 16384K, 0% used [0x00000000d5580000,0x00000000d5580000,0x00000000d6580000)
  from space 1536K, 99% used [0x00000000d6800000,0x00000000d697ee60,0x00000000d6980000)
  to   space 2560K, 0% used [0x00000000d6580000,0x00000000d6580000,0x00000000d6800000)
 ParOldGen       total 68608K, used 60613K [0x0000000080000000, 0x0000000084300000, 0x00000000d5580000)
  object space 68608K, 88% used [0x0000000080000000,0x0000000083b31648,0x0000000084300000)
 Metaspace       used 60369K, committed 61824K, reserved 1114112K
  class space    used 6636K, committed 7232K, reserved 1048576K
}
Event: 24.778 GC heap before
{Heap before GC invocations=50 (full 3):
 PSYoungGen      total 17920K, used 17915K [0x00000000d5580000, 0x00000000d6b80000, 0x0000000100000000)
  eden space 16384K, 100% used [0x00000000d5580000,0x00000000d6580000,0x00000000d6580000)
  from space 1536K, 99% used [0x00000000d6800000,0x00000000d697ee60,0x00000000d6980000)
  to   space 2560K, 0% used [0x00000000d6580000,0x00000000d6580000,0x00000000d6800000)
 ParOldGen       total 68608K, used 60613K [0x0000000080000000, 0x0000000084300000, 0x00000000d5580000)
  object space 68608K, 88% used [0x0000000080000000,0x0000000083b31648,0x0000000084300000)
 Metaspace       used 60434K, committed 61824K, reserved 1114112K
  class space    used 6636K, committed 7232K, reserved 1048576K
}
Event: 24.780 GC heap after
{Heap after GC invocations=50 (full 3):
 PSYoungGen      total 17408K, used 553K [0x00000000d5580000, 0x00000000d6880000, 0x0000000100000000)
  eden space 16384K, 0% used [0x00000000d5580000,0x00000000d5580000,0x00000000d6580000)
  from space 1024K, 54% used [0x00000000d6580000,0x00000000d660a6e8,0x00000000d6680000)
  to   space 1536K, 0% used [0x00000000d6700000,0x00000000d6700000,0x00000000d6880000)
 ParOldGen       total 68608K, used 61267K [0x0000000080000000, 0x0000000084300000, 0x00000000d5580000)
  object space 68608K, 89% used [0x0000000080000000,0x0000000083bd4ca8,0x0000000084300000)
 Metaspace       used 60434K, committed 61824K, reserved 1114112K
  class space    used 6636K, committed 7232K, reserved 1048576K
}
Event: 24.901 GC heap before
{Heap before GC invocations=51 (full 3):
 PSYoungGen      total 17408K, used 16937K [0x00000000d5580000, 0x00000000d6880000, 0x0000000100000000)
  eden space 16384K, 100% used [0x00000000d5580000,0x00000000d6580000,0x00000000d6580000)
  from space 1024K, 54% used [0x00000000d6580000,0x00000000d660a6e8,0x00000000d6680000)
  to   space 1536K, 0% used [0x00000000d6700000,0x00000000d6700000,0x00000000d6880000)
 ParOldGen       total 68608K, used 61267K [0x0000000080000000, 0x0000000084300000, 0x00000000d5580000)
  object space 68608K, 89% used [0x0000000080000000,0x0000000083bd4ca8,0x0000000084300000)
 Metaspace       used 61065K, committed 62464K, reserved 1114112K
  class space    used 6689K, committed 7296K, reserved 1048576K
}
Event: 24.905 GC heap after
{Heap after GC invocations=51 (full 3):
 PSYoungGen      total 16896K, used 384K [0x00000000d5580000, 0x00000000d6780000, 0x0000000100000000)
  eden space 16384K, 0% used [0x00000000d5580000,0x00000000d5580000,0x00000000d6580000)
  from space 512K, 75% used [0x00000000d6700000,0x00000000d6760000,0x00000000d6780000)
  to   space 1024K, 0% used [0x00000000d6580000,0x00000000d6580000,0x00000000d6680000)
 ParOldGen       total 68608K, used 61339K [0x0000000080000000, 0x0000000084300000, 0x00000000d5580000)
  object space 68608K, 89% used [0x0000000080000000,0x0000000083be6ca8,0x0000000084300000)
 Metaspace       used 61065K, committed 62464K, reserved 1114112K
  class space    used 6689K, committed 7296K, reserved 1048576K
}
Event: 25.287 GC heap before
{Heap before GC invocations=52 (full 3):
 PSYoungGen      total 16896K, used 16768K [0x00000000d5580000, 0x00000000d6780000, 0x0000000100000000)
  eden space 16384K, 100% used [0x00000000d5580000,0x00000000d6580000,0x00000000d6580000)
  from space 512K, 75% used [0x00000000d6700000,0x00000000d6760000,0x00000000d6780000)
  to   space 1024K, 0% used [0x00000000d6580000,0x00000000d6580000,0x00000000d6680000)
 ParOldGen       total 68608K, used 61339K [0x0000000080000000, 0x0000000084300000, 0x00000000d5580000)
  object space 68608K, 89% used [0x0000000080000000,0x0000000083be6ca8,0x0000000084300000)
 Metaspace       used 62426K, committed 63744K, reserved 1114112K
  class space    used 6798K, committed 7360K, reserved 1048576K
}
Event: 25.289 GC heap after
{Heap after GC invocations=52 (full 3):
 PSYoungGen      total 17408K, used 608K [0x00000000d5580000, 0x00000000d6780000, 0x0000000100000000)
  eden space 16384K, 0% used [0x00000000d5580000,0x00000000d5580000,0x00000000d6580000)
  from space 1024K, 59% used [0x00000000d6580000,0x00000000d6618000,0x00000000d6680000)
  to   space 1024K, 0% used [0x00000000d6680000,0x00000000d6680000,0x00000000d6780000)
 ParOldGen       total 68608K, used 61547K [0x0000000080000000, 0x0000000084300000, 0x00000000d5580000)
  object space 68608K, 89% used [0x0000000080000000,0x0000000083c1aca8,0x0000000084300000)
 Metaspace       used 62426K, committed 63744K, reserved 1114112K
  class space    used 6798K, committed 7360K, reserved 1048576K
}
Event: 32.581 GC heap before
{Heap before GC invocations=53 (full 3):
 PSYoungGen      total 17408K, used 16992K [0x00000000d5580000, 0x00000000d6780000, 0x0000000100000000)
  eden space 16384K, 100% used [0x00000000d5580000,0x00000000d6580000,0x00000000d6580000)
  from space 1024K, 59% used [0x00000000d6580000,0x00000000d6618000,0x00000000d6680000)
  to   space 1024K, 0% used [0x00000000d6680000,0x00000000d6680000,0x00000000d6780000)
 ParOldGen       total 68608K, used 61547K [0x0000000080000000, 0x0000000084300000, 0x00000000d5580000)
  object space 68608K, 89% used [0x0000000080000000,0x0000000083c1aca8,0x0000000084300000)
 Metaspace       used 63219K, committed 64576K, reserved 1114112K
  class space    used 6879K, committed 7424K, reserved 1048576K
}
Event: 32.585 GC heap after
{Heap after GC invocations=53 (full 3):
 PSYoungGen      total 17408K, used 768K [0x00000000d5580000, 0x00000000d6780000, 0x0000000100000000)
  eden space 16384K, 0% used [0x00000000d5580000,0x00000000d5580000,0x00000000d6580000)
  from space 1024K, 75% used [0x00000000d6680000,0x00000000d6740000,0x00000000d6780000)
  to   space 1024K, 0% used [0x00000000d6580000,0x00000000d6580000,0x00000000d6680000)
 ParOldGen       total 68608K, used 61947K [0x0000000080000000, 0x0000000084300000, 0x00000000d5580000)
  object space 68608K, 90% used [0x0000000080000000,0x0000000083c7eca8,0x0000000084300000)
 Metaspace       used 63219K, committed 64576K, reserved 1114112K
  class space    used 6879K, committed 7424K, reserved 1048576K
}

Dll operation events (12 events):
Event: 0.014 Loaded shared library c:\Users\gurja\.antigravity\extensions\redhat.java-1.54.0-win32-x64\jre\21.0.10-win32-x86_64\bin\java.dll
Event: 0.141 Loaded shared library c:\Users\gurja\.antigravity\extensions\redhat.java-1.54.0-win32-x64\jre\21.0.10-win32-x86_64\bin\zip.dll
Event: 0.194 Loaded shared library C:\Users\gurja\.antigravity\extensions\redhat.java-1.54.0-win32-x64\jre\21.0.10-win32-x86_64\bin\instrument.dll
Event: 0.206 Loaded shared library C:\Users\gurja\.antigravity\extensions\redhat.java-1.54.0-win32-x64\jre\21.0.10-win32-x86_64\bin\net.dll
Event: 0.211 Loaded shared library C:\Users\gurja\.antigravity\extensions\redhat.java-1.54.0-win32-x64\jre\21.0.10-win32-x86_64\bin\nio.dll
Event: 0.218 Loaded shared library C:\Users\gurja\.antigravity\extensions\redhat.java-1.54.0-win32-x64\jre\21.0.10-win32-x86_64\bin\zip.dll
Event: 0.251 Loaded shared library C:\Users\gurja\.antigravity\extensions\redhat.java-1.54.0-win32-x64\jre\21.0.10-win32-x86_64\bin\jimage.dll
Event: 0.451 Loaded shared library c:\Users\gurja\.antigravity\extensions\redhat.java-1.54.0-win32-x64\jre\21.0.10-win32-x86_64\bin\verify.dll
Event: 2.814 Loaded shared library C:\Users\gurja\AppData\Roaming\Antigravity\User\globalStorage\redhat.java\1.54.0\config_win\org.eclipse.equinox.launcher\org.eclipse.equinox.launcher.win32.win32.x86_64_1.3.0.v20260203-2149\eclipse_11919.dll
Event: 6.934 Loaded shared library C:\Users\gurja\AppData\Local\Temp\jna-98721147\jna5910885347720064713.dll
Event: 10.415 Loaded shared library C:\Users\gurja\.antigravity\extensions\redhat.java-1.54.0-win32-x64\jre\21.0.10-win32-x86_64\bin\sunmscapi.dll
Event: 10.603 Loaded shared library C:\Users\gurja\.antigravity\extensions\redhat.java-1.54.0-win32-x64\jre\21.0.10-win32-x86_64\bin\extnet.dll

Deoptimization events (20 events):
Event: 32.506 Thread 0x0000015c79cd8660 DEOPT PACKING pc=0x0000015c000151ae sp=0x00000021373fea90
Event: 32.506 Thread 0x0000015c79cd8660 DEOPT UNPACKING pc=0x0000015c07584242 sp=0x00000021373fdfe8 mode 0
Event: 32.508 Thread 0x0000015c79cd8660 DEOPT PACKING pc=0x0000015c000151ae sp=0x00000021373fea90
Event: 32.508 Thread 0x0000015c79cd8660 DEOPT UNPACKING pc=0x0000015c07584242 sp=0x00000021373fdfe8 mode 0
Event: 32.508 Thread 0x0000015c79cd8660 DEOPT PACKING pc=0x0000015c000151ae sp=0x00000021373fea90
Event: 32.508 Thread 0x0000015c79cd8660 DEOPT UNPACKING pc=0x0000015c07584242 sp=0x00000021373fdfe8 mode 0
Event: 32.508 Thread 0x0000015c79cd8660 DEOPT PACKING pc=0x0000015c000151ae sp=0x00000021373fea90
Event: 32.508 Thread 0x0000015c79cd8660 DEOPT UNPACKING pc=0x0000015c07584242 sp=0x00000021373fdfe8 mode 0
Event: 32.509 Thread 0x0000015c79cd8660 DEOPT PACKING pc=0x0000015c000151ae sp=0x00000021373fea90
Event: 32.509 Thread 0x0000015c79cd8660 DEOPT UNPACKING pc=0x0000015c07584242 sp=0x00000021373fdfe8 mode 0
Event: 32.510 Thread 0x0000015c79cd8660 DEOPT PACKING pc=0x0000015c000151ae sp=0x00000021373fea90
Event: 32.510 Thread 0x0000015c79cd8660 DEOPT UNPACKING pc=0x0000015c07584242 sp=0x00000021373fdfe8 mode 0
Event: 32.510 Thread 0x0000015c79cd8660 DEOPT PACKING pc=0x0000015c000151ae sp=0x00000021373fea90
Event: 32.510 Thread 0x0000015c79cd8660 DEOPT UNPACKING pc=0x0000015c07584242 sp=0x00000021373fdfe8 mode 0
Event: 32.511 Thread 0x0000015c79cd8660 DEOPT PACKING pc=0x0000015c000151ae sp=0x00000021373fea90
Event: 32.511 Thread 0x0000015c79cd8660 DEOPT UNPACKING pc=0x0000015c07584242 sp=0x00000021373fdfe8 mode 0
Event: 32.511 Thread 0x0000015c79cd8660 DEOPT PACKING pc=0x0000015c000151ae sp=0x00000021373fea90
Event: 32.511 Thread 0x0000015c79cd8660 DEOPT UNPACKING pc=0x0000015c07584242 sp=0x00000021373fdfe8 mode 0
Event: 32.514 Thread 0x0000015c79cd8660 DEOPT PACKING pc=0x0000015c000151ae sp=0x00000021373fea90
Event: 32.514 Thread 0x0000015c79cd8660 DEOPT UNPACKING pc=0x0000015c07584242 sp=0x00000021373fdfe8 mode 0

Classes loaded (20 events):
Event: 32.579 Loading class sun/util/cldr/CLDRTimeZoneNameProviderImpl
Event: 32.579 Loading class sun/util/locale/provider/TimeZoneNameProviderImpl
Event: 32.580 Loading class sun/util/locale/provider/TimeZoneNameProviderImpl done
Event: 32.580 Loading class sun/util/cldr/CLDRTimeZoneNameProviderImpl done
Event: 32.588 Loading class sun/util/resources/cldr/TimeZoneNames
Event: 32.589 Loading class sun/util/resources/TimeZoneNamesBundle
Event: 32.589 Loading class sun/util/resources/OpenListResourceBundle
Event: 32.589 Loading class sun/util/resources/OpenListResourceBundle done
Event: 32.589 Loading class sun/util/resources/TimeZoneNamesBundle done
Event: 32.589 Loading class sun/util/resources/cldr/TimeZoneNames done
Event: 32.590 Loading class sun/util/resources/cldr/TimeZoneNames_en
Event: 32.594 Loading class sun/util/resources/cldr/TimeZoneNames_en done
Event: 32.595 Loading class sun/util/resources/cldr/TimeZoneNames_en_US
Event: 32.595 Loading class sun/util/resources/cldr/TimeZoneNames_en_US done
Event: 32.597 Loading class sun/util/cldr/CLDRBaseLocaleDataMetaInfo$TZCanonicalIDMapHolder
Event: 32.599 Loading class sun/util/cldr/CLDRBaseLocaleDataMetaInfo$TZCanonicalIDMapHolder done
Event: 32.602 Loading class sun/util/resources/TimeZoneNames
Event: 32.604 Loading class sun/util/resources/TimeZoneNames done
Event: 32.604 Loading class sun/util/resources/TimeZoneNames_en
Event: 32.604 Loading class sun/util/resources/TimeZoneNames_en done

Classes unloaded (7 events):
Event: 8.044 Thread 0x0000015c783c2a30 Unloading class 0x0000015c101a8c00 'java/lang/invoke/LambdaForm$MH+0x0000015c101a8c00'
Event: 8.044 Thread 0x0000015c783c2a30 Unloading class 0x0000015c101a8800 'java/lang/invoke/LambdaForm$MH+0x0000015c101a8800'
Event: 8.044 Thread 0x0000015c783c2a30 Unloading class 0x0000015c101a8400 'java/lang/invoke/LambdaForm$MH+0x0000015c101a8400'
Event: 8.044 Thread 0x0000015c783c2a30 Unloading class 0x0000015c101a8000 'java/lang/invoke/LambdaForm$MH+0x0000015c101a8000'
Event: 8.044 Thread 0x0000015c783c2a30 Unloading class 0x0000015c101a7c00 'java/lang/invoke/LambdaForm$BMH+0x0000015c101a7c00'
Event: 8.044 Thread 0x0000015c783c2a30 Unloading class 0x0000015c101a7800 'java/lang/invoke/LambdaForm$DMH+0x0000015c101a7800'
Event: 8.044 Thread 0x0000015c783c2a30 Unloading class 0x0000015c101a6400 'java/lang/invoke/LambdaForm$DMH+0x0000015c101a6400'

Classes redefined (0 events):
No events

Internal exceptions (20 events):
Event: 21.629 Thread 0x0000015c51000420 Exception <a 'java/lang/NoSuchMethodError'{0x00000000d5e82ca0}: 'java.lang.Object java.lang.invoke.DelegatingMethodHandle$Holder.reinvoke_L(java.lang.Object, int, long, java.lang.Object, java.lang.Object, int, java.lang.Object)'> (0x00000000d5e82ca0) 
thrown [s\src\hotspot\share\interpreter\linkResolver.cpp, line 773]
Event: 22.612 Thread 0x0000015c7ee887e0 Exception <a 'java/io/FileNotFoundException'{0x00000000d5be4ea0}> (0x00000000d5be4ea0) 
thrown [s\src\hotspot\share\prims\jni.cpp, line 520]
Event: 22.613 Thread 0x0000015c7ee887e0 Exception <a 'java/io/FileNotFoundException'{0x00000000d5be5ef0}> (0x00000000d5be5ef0) 
thrown [s\src\hotspot\share\prims\jni.cpp, line 520]
Event: 22.626 Thread 0x0000015c7ee887e0 Exception <a 'sun/nio/fs/WindowsException'{0x00000000d5cbaa68}> (0x00000000d5cbaa68) 
thrown [s\src\hotspot\share\prims\jni.cpp, line 520]
Event: 22.626 Thread 0x0000015c7ee887e0 Exception <a 'sun/nio/fs/WindowsException'{0x00000000d5cbb3f0}> (0x00000000d5cbb3f0) 
thrown [s\src\hotspot\share\prims\jni.cpp, line 520]
Event: 22.958 Thread 0x0000015c7ee887e0 Exception <a 'java/lang/NoSuchMethodError'{0x00000000d5f93228}: 'void java.lang.invoke.DirectMethodHandle$Holder.invokeStatic(java.lang.Object, java.lang.Object, java.lang.Object, int)'> (0x00000000d5f93228) 
thrown [s\src\hotspot\share\interpreter\linkResolver.cpp, line 773]
Event: 22.992 Thread 0x0000015c7ee887e0 Exception <a 'java/lang/NoSuchMethodError'{0x00000000d604e3d8}: 'void java.lang.invoke.DirectMethodHandle$Holder.invokeVirtual(java.lang.Object, java.lang.Object, int)'> (0x00000000d604e3d8) 
thrown [s\src\hotspot\share\interpreter\linkResolver.cpp, line 773]
Event: 23.026 Thread 0x0000015c7e76f6b0 Exception <a 'java/lang/NoSuchMethodError'{0x00000000d613fa28}: 'java.lang.Object java.lang.invoke.DirectMethodHandle$Holder.invokeVirtual(java.lang.Object, java.lang.Object, int)'> (0x00000000d613fa28) 
thrown [s\src\hotspot\share\interpreter\linkResolver.cpp, line 773]
Event: 24.103 Thread 0x0000015c7ee887e0 Exception <a 'java/lang/NoSuchMethodError'{0x00000000d6384278}: 'void java.lang.invoke.DirectMethodHandle$Holder.invokeInterface(java.lang.Object, java.lang.Object)'> (0x00000000d6384278) 
thrown [s\src\hotspot\share\interpreter\linkResolver.cpp, line 773]
Event: 24.129 Thread 0x0000015c7ee8c980 Exception <a 'java/lang/NoSuchMethodError'{0x00000000d657b458}: 'void java.lang.invoke.DirectMethodHandle$Holder.invokeSpecial(java.lang.Object, java.lang.Object, java.lang.Object, java.lang.Object, java.lang.Object, java.lang.Object, java.lang.Object, java.lang.Object)'> (0x00000000d657b458) 
thrown [s\src\hotspot\share\interpreter\linkResolver.cpp, line 773]
Event: 24.129 Thread 0x0000015c7ee8bc60 Exception <a 'java/lang/NoSuchMethodError'{0x00000000d6553bc8}: 'void java.lang.invoke.DirectMethodHandle$Holder.invokeSpecial(java.lang.Object, java.lang.Object, java.lang.Object, java.lang.Object, java.lang.Object, java.lang.Object, java.lang.Object, java.lang.Object)'> (0x00000000d6553bc8) 
thrown [s\src\hotspot\share\interpreter\linkResolver.cpp, line 773]
Event: 24.195 Thread 0x0000015c7ee8c2f0 Implicit null exception at 0x0000015c07c4a9cf to 0x0000015c07c4ad5c
Event: 24.195 Thread 0x0000015c7ee8c980 Implicit null exception at 0x0000015c07c4a9cf to 0x0000015c07c4ad5c
Event: 24.195 Thread 0x0000015c7ee8b5d0 Implicit null exception at 0x0000015c07c4a9cf to 0x0000015c07c4ad5c
Event: 24.833 Thread 0x0000015c7ee887e0 Exception <a 'sun/nio/fs/WindowsException'{0x00000000d6305830}> (0x00000000d6305830) 
thrown [s\src\hotspot\share\prims\jni.cpp, line 520]
Event: 24.834 Thread 0x0000015c7ee887e0 Exception <a 'sun/nio/fs/WindowsException'{0x00000000d63061b8}> (0x00000000d63061b8) 
thrown [s\src\hotspot\share\prims\jni.cpp, line 520]
Event: 25.129 Thread 0x0000015c7e76f6b0 Exception <a 'java/lang/NoSuchMethodError'{0x00000000d5cba348}: 'java.lang.Object java.lang.invoke.DirectMethodHandle$Holder.invokeStatic(java.lang.Object, int, java.lang.Object)'> (0x00000000d5cba348) 
thrown [s\src\hotspot\share\interpreter\linkResolver.cpp, line 773]
Event: 25.352 Thread 0x0000015c7e76f6b0 Exception <a 'java/lang/NoSuchMethodError'{0x00000000d5a13e68}: 'java.lang.Object java.lang.invoke.DirectMethodHandle$Holder.invokeStatic(java.lang.Object, java.lang.Object, int, java.lang.Object)'> (0x00000000d5a13e68) 
thrown [s\src\hotspot\share\interpreter\linkResolver.cpp, line 773]
Event: 25.355 Thread 0x0000015c7e76f6b0 Exception <a 'java/lang/NoSuchMethodError'{0x00000000d5a1a498}: 'java.lang.Object java.lang.invoke.DirectMethodHandle$Holder.newInvokeSpecial(java.lang.Object, java.lang.Object, int)'> (0x00000000d5a1a498) 
thrown [s\src\hotspot\share\interpreter\linkResolver.cpp, line 773]
Event: 25.480 Thread 0x0000015c7e76f6b0 Implicit null exception at 0x0000015c07fec7a7 to 0x0000015c07fecb3c

ZGC Phase Switch (0 events):
No events

VM Operations (20 events):
Event: 24.778 Executing safepoint VM operation: ParallelGCFailedAllocation (Allocation Failure)
Event: 24.780 Executing safepoint VM operation: ParallelGCFailedAllocation (Allocation Failure) done
Event: 24.900 Executing safepoint VM operation: ParallelGCFailedAllocation (Allocation Failure)
Event: 24.906 Executing safepoint VM operation: ParallelGCFailedAllocation (Allocation Failure) done
Event: 25.103 Executing non-safepoint VM operation: HandshakeAllThreads (Deoptimize)
Event: 25.103 Executing non-safepoint VM operation: HandshakeAllThreads (Deoptimize) done
Event: 25.286 Executing safepoint VM operation: ParallelGCFailedAllocation (Allocation Failure)
Event: 25.289 Executing safepoint VM operation: ParallelGCFailedAllocation (Allocation Failure) done
Event: 25.956 Executing non-safepoint VM operation: HandshakeAllThreads (Deoptimize)
Event: 25.956 Executing non-safepoint VM operation: HandshakeAllThreads (Deoptimize) done
Event: 26.971 Executing safepoint VM operation: Cleanup
Event: 26.971 Executing safepoint VM operation: Cleanup done
Event: 32.581 Executing safepoint VM operation: ParallelGCFailedAllocation (Allocation Failure)
Event: 32.585 Executing safepoint VM operation: ParallelGCFailedAllocation (Allocation Failure) done
Event: 33.587 Executing safepoint VM operation: Cleanup
Event: 33.587 Executing safepoint VM operation: Cleanup done
Event: 60.158 Executing non-safepoint VM operation: HandshakeAllThreads (HandshakeForDeflation)
Event: 60.158 Executing non-safepoint VM operation: HandshakeAllThreads (HandshakeForDeflation) done
Event: 60.158 Executing non-safepoint VM operation: RendezvousGCThreads
Event: 60.158 Executing non-safepoint VM operation: RendezvousGCThreads done

Memory protections (0 events):
No events

Nmethod flushes (20 events):
Event: 23.909 Thread 0x0000015c783c2a30 flushing  nmethod 0x0000015c007b9c90
Event: 23.909 Thread 0x0000015c783c2a30 flushing  nmethod 0x0000015c007dff90
Event: 23.909 Thread 0x0000015c783c2a30 flushing osr nmethod 0x0000015c00841690
Event: 23.909 Thread 0x0000015c783c2a30 flushing  nmethod 0x0000015c00863b90
Event: 23.909 Thread 0x0000015c783c2a30 flushing  nmethod 0x0000015c00869610
Event: 23.909 Thread 0x0000015c783c2a30 flushing  nmethod 0x0000015c0087ea10
Event: 23.909 Thread 0x0000015c783c2a30 flushing  nmethod 0x0000015c0087ed90
Event: 23.909 Thread 0x0000015c783c2a30 flushing  nmethod 0x0000015c00880190
Event: 23.909 Thread 0x0000015c783c2a30 flushing  nmethod 0x0000015c00880b10
Event: 23.909 Thread 0x0000015c783c2a30 flushing  nmethod 0x0000015c00884590
Event: 23.909 Thread 0x0000015c783c2a30 flushing  nmethod 0x0000015c0088da10
Event: 23.909 Thread 0x0000015c783c2a30 flushing  nmethod 0x0000015c008ace90
Event: 23.909 Thread 0x0000015c783c2a30 flushing  nmethod 0x0000015c008b2c90
Event: 23.909 Thread 0x0000015c783c2a30 flushing  nmethod 0x0000015c008b6190
Event: 23.909 Thread 0x0000015c783c2a30 flushing  nmethod 0x0000015c008b6890
Event: 23.909 Thread 0x0000015c783c2a30 flushing  nmethod 0x0000015c008b7610
Event: 23.909 Thread 0x0000015c783c2a30 flushing  nmethod 0x0000015c008b7a90
Event: 23.909 Thread 0x0000015c783c2a30 flushing  nmethod 0x0000015c008bda90
Event: 23.909 Thread 0x0000015c783c2a30 flushing  nmethod 0x0000015c008e7810
Event: 23.909 Thread 0x0000015c783c2a30 flushing  nmethod 0x0000015c008f9390

Events (20 events):
Event: 24.125 Thread 0x0000015c7ee887e0 Thread added: 0x0000015c7ee8c980
Event: 24.125 Thread 0x0000015c7ee887e0 Thread added: 0x0000015c7ee8d010
Event: 24.600 Thread 0x0000015c7ee8d010 Thread exited: 0x0000015c7ee8d010
Event: 24.600 Thread 0x0000015c7ee8b5d0 Thread exited: 0x0000015c7ee8b5d0
Event: 24.600 Thread 0x0000015c7ee8bc60 Thread exited: 0x0000015c7ee8bc60
Event: 24.600 Thread 0x0000015c7ee8c2f0 Thread exited: 0x0000015c7ee8c2f0
Event: 24.600 Thread 0x0000015c7ee8c980 Thread exited: 0x0000015c7ee8c980
Event: 27.635 Thread 0x0000015c513e3170 Thread exited: 0x0000015c513e3170
Event: 27.635 Thread 0x0000015c51463fa0 Thread exited: 0x0000015c51463fa0
Event: 32.516 Thread 0x0000015c783dde90 Thread added: 0x0000015c7ee9fbf0
Event: 32.516 Thread 0x0000015c783dde90 Thread added: 0x0000015c7ee9ee50
Event: 37.686 Thread 0x0000015c7ee9ee50 Thread exited: 0x0000015c7ee9ee50
Event: 37.686 Thread 0x0000015c7ee9fbf0 Thread exited: 0x0000015c7ee9fbf0
Event: 81.337 Thread 0x0000015c7e770a60 Thread exited: 0x0000015c7e770a60
Event: 81.623 Thread 0x0000015c7e76f020 Thread exited: 0x0000015c7e76f020
Event: 85.594 Thread 0x0000015c7e76f6b0 Thread exited: 0x0000015c7e76f6b0
Event: 85.967 Thread 0x0000015c7ee887e0 Thread exited: 0x0000015c7ee887e0
Event: 145.979 Thread 0x0000015c51000420 Thread exited: 0x0000015c51000420
Event: 205.996 Thread 0x0000015c510024f0 Thread exited: 0x0000015c510024f0
Event: 266.007 Thread 0x0000015c7ee88e70 Thread exited: 0x0000015c7ee88e70


Dynamic libraries:
0x00007ff7f7830000 - 0x00007ff7f783e000 	c:\Users\gurja\.antigravity\extensions\redhat.java-1.54.0-win32-x64\jre\21.0.10-win32-x86_64\bin\java.exe
0x00007ffaa6660000 - 0x00007ffaa68c7000 	C:\Windows\SYSTEM32\ntdll.dll
0x00007ffaa4c10000 - 0x00007ffaa4cd9000 	C:\Windows\System32\KERNEL32.DLL
0x00007ffaa31d0000 - 0x00007ffaa35c4000 	C:\Windows\System32\KERNELBASE.dll
0x00007ffaa41f0000 - 0x00007ffaa433b000 	C:\Windows\System32\ucrtbase.dll
0x00007ffa4b8b0000 - 0x00007ffa4b8c8000 	c:\Users\gurja\.antigravity\extensions\redhat.java-1.54.0-win32-x64\jre\21.0.10-win32-x86_64\bin\jli.dll
0x00007ffaa4ce0000 - 0x00007ffaa4ea5000 	C:\Windows\System32\USER32.dll
0x00007ffaa3fb0000 - 0x00007ffaa3fd7000 	C:\Windows\System32\win32u.dll
0x00007ffaa4830000 - 0x00007ffaa485b000 	C:\Windows\System32\GDI32.dll
0x00007ffaa30a0000 - 0x00007ffaa31cb000 	C:\Windows\System32\gdi32full.dll
0x00007ffaa4340000 - 0x00007ffaa43e3000 	C:\Windows\System32\msvcp_win.dll
0x00007ffa4b540000 - 0x00007ffa4b55e000 	c:\Users\gurja\.antigravity\extensions\redhat.java-1.54.0-win32-x64\jre\21.0.10-win32-x86_64\bin\VCRUNTIME140.dll
0x00007ffa88b50000 - 0x00007ffa88de3000 	C:\Windows\WinSxS\amd64_microsoft.windows.common-controls_6595b64144ccf1df_6.0.26100.8115_none_3e075c82e3354f9c\COMCTL32.dll
0x00007ffaa4860000 - 0x00007ffaa4909000 	C:\Windows\System32\msvcrt.dll
0x00007ffaa43f0000 - 0x00007ffaa4422000 	C:\Windows\System32\IMM32.DLL
0x00007ffa50da0000 - 0x00007ffa50f3e000 	C:\Program Files (x86)\Citrix\ICA Client\ctxapclient64.dll
0x00007ffaa5020000 - 0x00007ffaa53a2000 	C:\Windows\System32\combase.dll
0x00007ffaa6500000 - 0x00007ffaa6618000 	C:\Windows\System32\RPCRT4.dll
0x00007ffaa2e20000 - 0x00007ffaa2e4a000 	C:\Windows\SYSTEM32\bcrypt.dll
0x00007ffaa4eb0000 - 0x00007ffaa4f57000 	C:\Windows\System32\sechost.dll
0x00007ffa97d60000 - 0x00007ffa97d6b000 	C:\Windows\SYSTEM32\VERSION.dll
0x00007ffaa4660000 - 0x00007ffaa4716000 	C:\Windows\System32\ADVAPI32.dll
0x00007ffaa1de0000 - 0x00007ffaa1e16000 	C:\Windows\SYSTEM32\ntmarta.dll
0x00007ffaa3690000 - 0x00007ffaa3735000 	C:\Windows\System32\bcryptprimitives.dll
0x00007ffa5fa60000 - 0x00007ffa5fa6c000 	c:\Users\gurja\.antigravity\extensions\redhat.java-1.54.0-win32-x64\jre\21.0.10-win32-x86_64\bin\vcruntime140_1.dll
0x00007ffa38ad0000 - 0x00007ffa38b5d000 	c:\Users\gurja\.antigravity\extensions\redhat.java-1.54.0-win32-x64\jre\21.0.10-win32-x86_64\bin\msvcp140.dll
0x00007ff99a9d0000 - 0x00007ff99b771000 	c:\Users\gurja\.antigravity\extensions\redhat.java-1.54.0-win32-x64\jre\21.0.10-win32-x86_64\bin\server\jvm.dll
0x00007ffaa63f0000 - 0x00007ffaa6470000 	C:\Windows\System32\WS2_32.dll
0x00007ffaa2db0000 - 0x00007ffaa2e0e000 	C:\Windows\SYSTEM32\POWRPROF.dll
0x00007ffa99120000 - 0x00007ffa99156000 	C:\Windows\SYSTEM32\WINMM.dll
0x00007ffaa2d90000 - 0x00007ffaa2da4000 	C:\Windows\SYSTEM32\UMPDC.dll
0x00007ffaa1cc0000 - 0x00007ffaa1cdb000 	C:\Windows\SYSTEM32\kernel.appcore.dll
0x00007ffa5df70000 - 0x00007ffa5df7a000 	c:\Users\gurja\.antigravity\extensions\redhat.java-1.54.0-win32-x64\jre\21.0.10-win32-x86_64\bin\jimage.dll
0x00007ffaa0d70000 - 0x00007ffaa0fb2000 	C:\Windows\SYSTEM32\DBGHELP.DLL
0x00007ffaa4a30000 - 0x00007ffaa4b08000 	C:\Windows\System32\OLEAUT32.dll
0x00007ffa87200000 - 0x00007ffa8723b000 	C:\Windows\SYSTEM32\dbgcore.DLL
0x00007ffa5c130000 - 0x00007ffa5c13f000 	c:\Users\gurja\.antigravity\extensions\redhat.java-1.54.0-win32-x64\jre\21.0.10-win32-x86_64\bin\instrument.dll
0x00007ffa4aba0000 - 0x00007ffa4abc0000 	c:\Users\gurja\.antigravity\extensions\redhat.java-1.54.0-win32-x64\jre\21.0.10-win32-x86_64\bin\java.dll
0x00007ffaa5c80000 - 0x00007ffaa63e7000 	C:\Windows\System32\SHELL32.dll
0x00007ffaa2f30000 - 0x00007ffaa309a000 	C:\Windows\System32\wintypes.dll
0x00007ffaa3740000 - 0x00007ffaa3fa8000 	C:\Windows\System32\windows.storage.dll
0x00007ffaa4b10000 - 0x00007ffaa4c08000 	C:\Windows\System32\SHCORE.dll
0x00007ffaa47b0000 - 0x00007ffaa4816000 	C:\Windows\System32\shlwapi.dll
0x00007ffaa2e50000 - 0x00007ffaa2e79000 	C:\Windows\SYSTEM32\profapi.dll
0x00007ffa3a980000 - 0x00007ffa3a998000 	c:\Users\gurja\.antigravity\extensions\redhat.java-1.54.0-win32-x64\jre\21.0.10-win32-x86_64\bin\zip.dll
0x00007ffa5bd10000 - 0x00007ffa5bd20000 	C:\Users\gurja\.antigravity\extensions\redhat.java-1.54.0-win32-x64\jre\21.0.10-win32-x86_64\bin\net.dll
0x00007ffa9c7c0000 - 0x00007ffa9c8ed000 	C:\Windows\SYSTEM32\WINHTTP.dll
0x00007ffaa2230000 - 0x00007ffaa229c000 	C:\Windows\system32\mswsock.dll
0x00007ffa3a3a0000 - 0x00007ffa3a3b6000 	C:\Users\gurja\.antigravity\extensions\redhat.java-1.54.0-win32-x64\jre\21.0.10-win32-x86_64\bin\nio.dll
0x00007ffa5bba0000 - 0x00007ffa5bbb0000 	c:\Users\gurja\.antigravity\extensions\redhat.java-1.54.0-win32-x64\jre\21.0.10-win32-x86_64\bin\verify.dll
0x00007ffa37d50000 - 0x00007ffa37d95000 	C:\Users\gurja\AppData\Roaming\Antigravity\User\globalStorage\redhat.java\1.54.0\config_win\org.eclipse.equinox.launcher\org.eclipse.equinox.launcher.win32.win32.x86_64_1.3.0.v20260203-2149\eclipse_11919.dll
0x00007ffaa5a20000 - 0x00007ffaa5bb7000 	C:\Windows\System32\ole32.dll
0x00007ffaa2520000 - 0x00007ffaa253b000 	C:\Windows\SYSTEM32\CRYPTSP.dll
0x00007ffaa1c20000 - 0x00007ffaa1c59000 	C:\Windows\system32\rsaenh.dll
0x00007ffaa22e0000 - 0x00007ffaa2313000 	C:\Windows\SYSTEM32\USERENV.dll
0x00007ffaa2510000 - 0x00007ffaa251c000 	C:\Windows\SYSTEM32\CRYPTBASE.dll
0x00007ffaa1670000 - 0x00007ffaa16a2000 	C:\Windows\SYSTEM32\IPHLPAPI.DLL
0x00007ffaa4920000 - 0x00007ffaa492a000 	C:\Windows\System32\NSI.dll
0x00007ffa8e270000 - 0x00007ffa8e2b9000 	C:\Users\gurja\AppData\Local\Temp\jna-98721147\jna5910885347720064713.dll
0x00007ffaa4820000 - 0x00007ffaa4828000 	C:\Windows\System32\PSAPI.DLL
0x00007ffa9cb30000 - 0x00007ffa9cb4d000 	C:\Windows\SYSTEM32\dhcpcsvc6.DLL
0x00007ffa9cb00000 - 0x00007ffa9cb25000 	C:\Windows\SYSTEM32\dhcpcsvc.DLL
0x00007ffaa0270000 - 0x00007ffaa027e000 	C:\Users\gurja\.antigravity\extensions\redhat.java-1.54.0-win32-x64\jre\21.0.10-win32-x86_64\bin\sunmscapi.dll
0x0000015c7f310000 - 0x0000015c7f487000 	C:\Windows\System32\CRYPT32.dll
0x00007ffaa2730000 - 0x00007ffaa2760000 	C:\Windows\SYSTEM32\ncrypt.dll
0x00007ffaa26e0000 - 0x00007ffaa271f000 	C:\Windows\SYSTEM32\NTASN1.dll
0x00007ffaa16b0000 - 0x00007ffaa17e2000 	C:\Windows\SYSTEM32\DNSAPI.dll
0x00007ffaa0260000 - 0x00007ffaa026b000 	C:\Windows\System32\rasadhlp.dll
0x00007ffa9cd90000 - 0x00007ffa9ce16000 	C:\Windows\System32\fwpuclnt.dll
0x00007ffa9ff60000 - 0x00007ffa9ff69000 	C:\Users\gurja\.antigravity\extensions\redhat.java-1.54.0-win32-x64\jre\21.0.10-win32-x86_64\bin\extnet.dll

JVMTI agents:
c:\Users\gurja\.antigravity\extensions\redhat.java-1.54.0-win32-x64\lombok\lombok-1.18.39-4050.jar path:c:\Users\gurja\.antigravity\extensions\redhat.java-1.54.0-win32-x64\jre\21.0.10-win32-x86_64\bin\instrument.dll, loaded, initialized, instrumentlib options:none

dbghelp: loaded successfully - version: 4.0.5 - missing functions: none
symbol engine: initialized successfully - sym options: 0x614 - pdb path: .;c:\Users\gurja\.antigravity\extensions\redhat.java-1.54.0-win32-x64\jre\21.0.10-win32-x86_64\bin;C:\Windows\SYSTEM32;C:\Windows\WinSxS\amd64_microsoft.windows.common-controls_6595b64144ccf1df_6.0.26100.8115_none_3e075c82e3354f9c;C:\Program Files (x86)\Citrix\ICA Client;c:\Users\gurja\.antigravity\extensions\redhat.java-1.54.0-win32-x64\jre\21.0.10-win32-x86_64\bin\server;C:\Users\gurja\AppData\Roaming\Antigravity\User\globalStorage\redhat.java\1.54.0\config_win\org.eclipse.equinox.launcher\org.eclipse.equinox.launcher.win32.win32.x86_64_1.3.0.v20260203-2149;C:\Users\gurja\AppData\Local\Temp\jna-98721147

VM Arguments:
jvm_args: --add-modules=ALL-SYSTEM --add-opens=java.base/java.util=ALL-UNNAMED --add-opens=java.base/java.lang=ALL-UNNAMED --add-opens=java.base/sun.nio.fs=ALL-UNNAMED -Declipse.application=org.eclipse.jdt.ls.core.id1 -Dosgi.bundles.defaultStartLevel=4 -Declipse.product=org.eclipse.jdt.ls.core.product -Djava.import.generatesMetadataFilesAtProjectRoot=false -DDetectVMInstallationsJob.disabled=true -Dfile.encoding=utf8 -XX:+UseParallelGC -XX:GCTimeRatio=4 -XX:AdaptiveSizePolicyWeight=90 -Dsun.zip.disableMemoryMapping=true -Xmx2G -Xms100m -Xlog:disable -javaagent:c:\Users\gurja\.antigravity\extensions\redhat.java-1.54.0-win32-x64\lombok\lombok-1.18.39-4050.jar -XX:+HeapDumpOnOutOfMemoryError -XX:HeapDumpPath=c:\Users\gurja\AppData\Roaming\Antigravity\User\workspaceStorage\6ec21c92fab77b4201c32639b03c9de3\redhat.java -Daether.dependencyCollector.impl=bf 
java_command: c:\Users\gurja\.antigravity\extensions\redhat.java-1.54.0-win32-x64\server\plugins\org.eclipse.equinox.launcher_1.7.100.v20251111-0406.jar -configuration c:\Users\gurja\AppData\Roaming\Antigravity\User\globalStorage\redhat.java\1.54.0\config_win -data c:\Users\gurja\AppData\Roaming\Antigravity\User\workspaceStorage\6ec21c92fab77b4201c32639b03c9de3\redhat.java\jdt_ws --pipe=\\.\pipe\lsp-1dd9577b95ee15931b99a0eb680e3633-sock
java_class_path (initial): c:\Users\gurja\.antigravity\extensions\redhat.java-1.54.0-win32-x64\server\plugins\org.eclipse.equinox.launcher_1.7.100.v20251111-0406.jar
Launcher Type: SUN_STANDARD

[Global flags]
    uintx AdaptiveSizePolicyWeight                 = 90                                        {product} {command line}
     intx CICompilerCount                          = 4                                         {product} {ergonomic}
    uintx GCTimeRatio                              = 4                                         {product} {command line}
     bool HeapDumpOnOutOfMemoryError               = true                                   {manageable} {command line}
    ccstr HeapDumpPath                             = c:\Users\gurja\AppData\Roaming\Antigravity\User\workspaceStorage\6ec21c92fab77b4201c32639b03c9de3\redhat.java         {manageable} {command line}
   size_t InitialHeapSize                          = 104857600                                 {product} {command line}
   size_t MaxHeapSize                              = 2147483648                                {product} {command line}
   size_t MaxNewSize                               = 715653120                                 {product} {ergonomic}
   size_t MinHeapDeltaBytes                        = 524288                                    {product} {ergonomic}
   size_t MinHeapSize                              = 104857600                                 {product} {command line}
   size_t NewSize                                  = 34603008                                  {product} {ergonomic}
    uintx NonNMethodCodeHeapSize                   = 5839372                                {pd product} {ergonomic}
    uintx NonProfiledCodeHeapSize                  = 122909434                              {pd product} {ergonomic}
   size_t OldSize                                  = 70254592                                  {product} {ergonomic}
    uintx ProfiledCodeHeapSize                     = 122909434                              {pd product} {ergonomic}
    uintx ReservedCodeCacheSize                    = 251658240                              {pd product} {ergonomic}
     bool SegmentedCodeCache                       = true                                      {product} {ergonomic}
   size_t SoftMaxHeapSize                          = 2147483648                             {manageable} {ergonomic}
     bool UseCompressedOops                        = true                           {product lp64_product} {ergonomic}
     bool UseLargePagesIndividualAllocation        = false                                  {pd product} {ergonomic}
     bool UseParallelGC                            = true                                      {product} {command line}

Logging:
Log output configuration:
 #0: stdout all=off uptime,level,tags foldmultilines=false
 #1: stderr all=off uptime,level,tags foldmultilines=false

Release file:
JAVA_VERSION="21.0.10" 
MODULES="java.base java.compiler java.datatransfer java.xml java.prefs java.desktop java.instrument java.logging java.management java.security.sasl java.naming java.rmi java.management.rmi java.net.http java.scripting java.security.jgss java.transaction.xa java.sql java.sql.rowset java.xml.crypto java.se java.smartcardio jdk.accessibility jdk.internal.jvmstat jdk.attach jdk.charsets jdk.internal.opt jdk.zipfs jdk.compiler jdk.crypto.ec jdk.crypto.cryptoki jdk.crypto.mscapi jdk.dynalink jdk.internal.ed jdk.editpad jdk.hotspot.agent jdk.httpserver jdk.internal.le jdk.internal.vm.ci jdk.internal.vm.compiler jdk.internal.vm.compiler.management jdk.jartool jdk.javadoc jdk.jcmd jdk.management jdk.management.agent jdk.jconsole jdk.jdeps jdk.jdwp.agent jdk.jdi jdk.jfr jdk.jshell jdk.jsobject jdk.jstatd jdk.localedata jdk.management.jfr jdk.naming.dns jdk.naming.rmi jdk.net jdk.nio.mapmode jdk.random jdk.sctp jdk.security.auth jdk.security.jgss jdk.unsupported jdk.unsupported.desktop jdk.xml.dom" 

Environment Variables:
JAVA_HOME=C:\Program Files\OpenLogic\jdk-17.0.14.7-hotspot\
PATH=C:\Program Files (x86)\Common Files\Oracle\Java\javapath;C:\Program Files (x86)\VMware\VMware Workstation\bin\;C:\Program Files\OpenLogic\jdk-17.0.14.7-hotspot\bin;C:\Windows\system32;C:\Windows;C:\Windows\System32\Wbem;C:\Windows\System32\WindowsPowerShell\v1.0\;C:\Windows\System32\OpenSSH\;C:\Program Files\dotnet\;C:\Program Files\Microsoft SQL Server\150\Tools\Binn\;C:\Program Files\Microsoft SQL Server\Client SDK\ODBC\170\Tools\Binn\;C:\Program Files (x86)\Microsoft SQL Server\160\Tools\Binn\;C:\Program Files\Microsoft SQL Server\160\Tools\Binn\;C:\Program Files\Microsoft SQL Server\160\DTS\Binn\;C:\Program Files\Docker\Docker\resources\bin;C:\Program Files\Git\cmd;C:\Program Files\nodejs\;C:\Users\gurja\AppData\Local\Android\Sdk\platform-tools;C:\Users\gurja\AppData\Local\Android\Sdk;C:\Users\gurja\AppData\Local\Android\Sdk\emulator;C:\flutter\flutter\bin;C:\Program Files\MySQL\MySQL Server 8.0\bin;C:\Program Files\Apache\apache-maven-3.9.11\bin;C:\Program Files\Tesseract-OCR;C:\Program Files\ngrok;C:\Program Files\PostgreSQL\18\bin;C:\Users\gurja\AppData\Local\Programs\Python\Launcher\;C:\Program Files\MySQL\MySQL Shell 8.0\bin\;C:\Users\gurja\AppData\Local\Microsoft\WindowsApps;C:\Users\gurja\.dotnet\tools;C:\Users\gurja\AppData\Roaming\npm;C:\Users\gurja\AppData\Local\Android\Sdk\emulator;C:\Users\gurja\AppData\Local\Android\Sdk;C:\Users\gurja\AppData\Local\Android\Sdk\platform-tools;C:\flutter\flutter\bin;C:\Users\gurja\AppData\Local\Programs\Microsoft VS Code\bin;C:\Program Files\JetBrains\IntelliJ IDEA Community Edition 2025.2.6\bin;C:\Users\gurja\AppData\Local\Programs\Antigravity\bin;C:\Users\gurja\AppData\Local\Packages\PythonSoftwareFoundation.Python.3.13_qbz5n2kfra8p0\LocalCache\local-packages\Python313\Scripts
USERNAME=gurja
OS=Windows_NT
PROCESSOR_IDENTIFIER=Intel64 Family 6 Model 186 Stepping 3, GenuineIntel
TMP=C:\Users\gurja\AppData\Local\Temp
TEMP=C:\Users\gurja\AppData\Local\Temp




Periodic native trim disabled

---------------  S Y S T E M  ---------------

OS:
 Windows 11 , 64 bit Build 26100 (10.0.26100.8246)
OS uptime: 13 days 5:14 hours
Hyper-V role detected

CPU: total 12 (initial active 12) (6 cores per cpu, 2 threads per core) family 6 model 186 stepping 3 microcode 0x6134, cx8, cmov, fxsr, ht, mmx, 3dnowpref, sse, sse2, sse3, ssse3, sse4.1, sse4.2, popcnt, lzcnt, tsc, tscinvbit, avx, avx2, aes, erms, clmul, bmi1, bmi2, adx, sha, fma, vzeroupper, clflush, clflushopt, clwb, hv, serialize, rdtscp, rdpid, fsrm, f16c, cet_ibt, cet_ss
Processor Information for processor 0
  Max Mhz: 1700, Current Mhz: 1700, Mhz Limit: 1700
Processor Information for processor 1
  Max Mhz: 1700, Current Mhz: 1457, Mhz Limit: 1700
Processor Information for processor 2
  Max Mhz: 1700, Current Mhz: 1457, Mhz Limit: 1700
Processor Information for processor 3
  Max Mhz: 1700, Current Mhz: 1700, Mhz Limit: 1700
Processor Information for processor 4
  Max Mhz: 1700, Current Mhz: 1558, Mhz Limit: 1700
Processor Information for processor 5
  Max Mhz: 1700, Current Mhz: 1558, Mhz Limit: 1700
Processor Information for processor 6
  Max Mhz: 1700, Current Mhz: 1558, Mhz Limit: 1700
Processor Information for processor 7
  Max Mhz: 1700, Current Mhz: 1558, Mhz Limit: 1700
Processor Information for processor 8
  Max Mhz: 1700, Current Mhz: 1700, Mhz Limit: 1700
Processor Information for processor 9
  Max Mhz: 1700, Current Mhz: 1700, Mhz Limit: 1700
Processor Information for processor 10
  Max Mhz: 1700, Current Mhz: 1558, Mhz Limit: 1700
Processor Information for processor 11
  Max Mhz: 1700, Current Mhz: 1700, Mhz Limit: 1700

Memory: 4k page, system-wide physical 16068M (891M free)
TotalPageFile size 54477M (AvailPageFile size 31M)
current process WorkingSet (physical memory assigned to process): 14M, peak: 302M
current process commit charge ("private bytes"): 344M, peak: 374M

vm_info: OpenJDK 64-Bit Server VM (21.0.10+7-LTS) for windows-amd64 JRE (21.0.10+7-LTS), built on 2026-01-20T00:00:00Z by "admin" with MS VC++ 17.12 (VS2022)

END.
