#
# There is insufficient memory for the Java Runtime Environment to continue.
# Native memory allocation (malloc) failed to allocate 1636496 bytes. Error detail: Chunk::new
# Possible reasons:
#   The system is out of physical RAM or swap space
#   This process is running with CompressedOops enabled, and the Java Heap may be blocking the growth of the native heap
# Possible solutions:
#   Reduce memory load on the system
#   Increase physical memory or swap space
#   Check if swap backing store is full
#   Decrease Java heap size (-Xmx/-Xms)
#   Decrease number of Java threads
#   Decrease Java thread stack sizes (-Xss)
#   Set larger code cache with -XX:ReservedCodeCacheSize=
#   JVM is running with Zero Based Compressed Oops mode in which the Java heap is
#     placed in the first 32GB address space. The Java Heap base address is the
#     maximum limit for the native heap growth. Please use -XX:HeapBaseMinAddress
#     to set the Java Heap base and to place the Java Heap above 32GB virtual address.
# This output file may be truncated or incomplete.
#
#  Out of Memory Error (arena.cpp:191), pid=84152, tid=98736
#
# JRE version: OpenJDK Runtime Environment OpenLogic-OpenJDK (17.0.14+7) (build 17.0.14+7-adhoc..jdk17u)
# Java VM: OpenJDK 64-Bit Server VM OpenLogic-OpenJDK (17.0.14+7-adhoc..jdk17u, mixed mode, sharing, tiered, compressed oops, compressed class ptrs, g1 gc, windows-amd64)
# No core dump will be written. Minidumps are not enabled by default on client versions of Windows
#

---------------  S U M M A R Y ------------

Command Line: -javaagent:C:\Program Files\JetBrains\IntelliJ IDEA Community Edition 2025.2.6\lib\idea_rt.jar=57937 -Dfile.encoding=UTF-8 com.rentora.rentora_backend.RentoraBackendApplication

Host: 13th Gen Intel(R) Core(TM) i7-1355U, 12 cores, 15G,  Windows 11 , 64 bit Build 26100 (10.0.26100.8246)
Time: Wed Apr 29 11:30:06 2026 India Standard Time elapsed time: 7.844341 seconds (0d 0h 0m 7s)

---------------  T H R E A D  ---------------

Current thread (0x0000020d1f88db20):  JavaThread "C2 CompilerThread1" daemon [_thread_in_native, id=98736, stack(0x000000fd5eb00000,0x000000fd5ec00000)]


Current CompileTask:
C2:   7844 1740       4       jdk.internal.org.objectweb.asm.Frame::execute (2305 bytes)

Stack: [0x000000fd5eb00000,0x000000fd5ec00000]
Native frames: (J=compiled Java code, j=interpreted, Vv=VM code, C=native code)
V  [jvm.dll+0x681069]
V  [jvm.dll+0x838cca]
V  [jvm.dll+0x83a78e]
V  [jvm.dll+0x83adf3]
V  [jvm.dll+0x24826f]
V  [jvm.dll+0xac9f4]
V  [jvm.dll+0xad03c]
V  [jvm.dll+0x3678e2]
V  [jvm.dll+0x331cda]
V  [jvm.dll+0x33117a]
V  [jvm.dll+0x21a7b1]
V  [jvm.dll+0x219bf1]
V  [jvm.dll+0x1a599d]
V  [jvm.dll+0x22994d]
V  [jvm.dll+0x227adc]
V  [jvm.dll+0x7edb77]
V  [jvm.dll+0x7e7f6c]
V  [jvm.dll+0x67ff37]
C  [ucrtbase.dll+0x37b0]
C  [KERNEL32.DLL+0x2e8d7]
C  [ntdll.dll+0x8c3fc]


---------------  P R O C E S S  ---------------

Threads class SMR info:
_java_thread_list=0x0000020d1aad00c0, length=16, elements={
0x0000020cb4873890, 0x0000020cd6370d70, 0x0000020cd6371640, 0x0000020cd637e490,
0x0000020d1a089fa0, 0x0000020d1a08a870, 0x0000020d1a08b140, 0x0000020d1a08fd60,
0x0000020d1a09c690, 0x0000020d1a09cfa0, 0x0000020d1a080090, 0x0000020d1a760d00,
0x0000020d1a7614d0, 0x0000020d1a861bc0, 0x0000020d1a8620a0, 0x0000020d1f88db20
}

Java Threads: ( => current thread )
  0x0000020cb4873890 JavaThread "main" [_thread_blocked, id=85748, stack(0x000000fd5cd00000,0x000000fd5ce00000)]
  0x0000020cd6370d70 JavaThread "Reference Handler" daemon [_thread_blocked, id=56976, stack(0x000000fd5d500000,0x000000fd5d600000)]
  0x0000020cd6371640 JavaThread "Finalizer" daemon [_thread_blocked, id=87528, stack(0x000000fd5d600000,0x000000fd5d700000)]
  0x0000020cd637e490 JavaThread "Signal Dispatcher" daemon [_thread_blocked, id=63852, stack(0x000000fd5d700000,0x000000fd5d800000)]
  0x0000020d1a089fa0 JavaThread "Attach Listener" daemon [_thread_blocked, id=69720, stack(0x000000fd5d800000,0x000000fd5d900000)]
  0x0000020d1a08a870 JavaThread "Service Thread" daemon [_thread_blocked, id=5308, stack(0x000000fd5d900000,0x000000fd5da00000)]
  0x0000020d1a08b140 JavaThread "Monitor Deflation Thread" daemon [_thread_blocked, id=63708, stack(0x000000fd5da00000,0x000000fd5db00000)]
  0x0000020d1a08fd60 JavaThread "C2 CompilerThread0" daemon [_thread_blocked, id=87440, stack(0x000000fd5db00000,0x000000fd5dc00000)]
  0x0000020d1a09c690 JavaThread "C1 CompilerThread0" daemon [_thread_in_native, id=82988, stack(0x000000fd5dc00000,0x000000fd5dd00000)]
  0x0000020d1a09cfa0 JavaThread "Sweeper thread" daemon [_thread_blocked, id=98556, stack(0x000000fd5dd00000,0x000000fd5de00000)]
  0x0000020d1a080090 JavaThread "Common-Cleaner" daemon [_thread_blocked, id=17728, stack(0x000000fd5de00000,0x000000fd5df00000)]
  0x0000020d1a760d00 JavaThread "Monitor Ctrl-Break" daemon [_thread_in_native, id=66008, stack(0x000000fd5e000000,0x000000fd5e100000)]
  0x0000020d1a7614d0 JavaThread "Notification Thread" daemon [_thread_blocked, id=39600, stack(0x000000fd5e100000,0x000000fd5e200000)]
  0x0000020d1a861bc0 JavaThread "Thread-0" [_thread_blocked, id=92024, stack(0x000000fd5e800000,0x000000fd5e900000)]
  0x0000020d1a8620a0 JavaThread "restartedMain" [_thread_in_Java, id=62600, stack(0x000000fd5e900000,0x000000fd5ea00000)]
=>0x0000020d1f88db20 JavaThread "C2 CompilerThread1" daemon [_thread_in_native, id=98736, stack(0x000000fd5eb00000,0x000000fd5ec00000)]

Other Threads:
  0x0000020cd6369a10 VMThread "VM Thread" [stack: 0x000000fd5d400000,0x000000fd5d500000] [id=40516]
  0x0000020cb48743c0 WatcherThread [stack: 0x000000fd5e200000,0x000000fd5e300000] [id=100420]
  0x0000020cb48bd520 GCTaskThread "GC Thread#0" [stack: 0x000000fd5cf00000,0x000000fd5d000000] [id=60320]
  0x0000020d1f1709d0 GCTaskThread "GC Thread#1" [stack: 0x000000fd5e300000,0x000000fd5e400000] [id=92600]
  0x0000020d1a9a0460 GCTaskThread "GC Thread#2" [stack: 0x000000fd5e400000,0x000000fd5e500000] [id=49732]
  0x0000020d1f6cfc10 GCTaskThread "GC Thread#3" [stack: 0x000000fd5e500000,0x000000fd5e600000] [id=57612]
  0x0000020d1f6cfed0 GCTaskThread "GC Thread#4" [stack: 0x000000fd5e600000,0x000000fd5e700000] [id=81280]
  0x0000020d1f6d0190 GCTaskThread "GC Thread#5" [stack: 0x000000fd5e700000,0x000000fd5e800000] [id=28704]
  0x0000020d1f894f00 GCTaskThread "GC Thread#6" [stack: 0x000000fd5df00000,0x000000fd5e000000] [id=34444]
  0x0000020d1f8951c0 GCTaskThread "GC Thread#7" [stack: 0x000000fd5ea00000,0x000000fd5eb00000] [id=24224]
  0x0000020cb48cde90 ConcurrentGCThread "G1 Main Marker" [stack: 0x000000fd5d000000,0x000000fd5d100000] [id=50300]
  0x0000020cb48cf670 ConcurrentGCThread "G1 Conc#0" [stack: 0x000000fd5d100000,0x000000fd5d200000] [id=74800]
  0x0000020cd62a35e0 ConcurrentGCThread "G1 Refine#0" [stack: 0x000000fd5d200000,0x000000fd5d300000] [id=96640]
  0x0000020cd62a4cd0 ConcurrentGCThread "G1 Service" [stack: 0x000000fd5d300000,0x000000fd5d400000] [id=56760]

Threads with active compile tasks:
C2 CompilerThread1     7869 1740       4       jdk.internal.org.objectweb.asm.Frame::execute (2305 bytes)

VM state: not at safepoint (normal execution)

VM Mutex/Monitor currently owned by a thread: None

Heap address: 0x0000000704e00000, size: 4018 MB, Compressed Oops mode: Zero based, Oop shift amount: 3

CDS archive(s) mapped at: [0x0000020cd9000000-0x0000020cd9bc0000-0x0000020cd9bc0000), size 12320768, SharedBaseAddress: 0x0000020cd9000000, ArchiveRelocationMode: 1.
Compressed class space mapped at: 0x0000020cda000000-0x0000020d1a000000, reserved size: 1073741824
Narrow klass base: 0x0000020cd9000000, Narrow klass shift: 0, Narrow klass range: 0x100000000

GC Precious Log:
 CPUs: 12 total, 12 available
 Memory: 16068M
 Large Page Support: Disabled
 NUMA Support: Disabled
 Compressed Oops: Enabled (Zero based)
 Heap Region Size: 2M
 Heap Min Capacity: 8M
 Heap Initial Capacity: 252M
 Heap Max Capacity: 4018M
 Pre-touch: Disabled
 Parallel Workers: 10
 Concurrent Workers: 3
 Concurrent Refinement Workers: 10
 Periodic GC: Disabled

Heap:
 garbage-first heap   total 258048K, used 11559K [0x0000000704e00000, 0x0000000800000000)
  region size 2048K, 3 young (6144K), 1 survivors (2048K)
 Metaspace       used 9676K, committed 10048K, reserved 1114112K
  class space    used 1234K, committed 1408K, reserved 1048576K

Heap Regions: E=young(eden), S=young(survivor), O=old, HS=humongous(starts), HC=humongous(continues), CS=collection set, F=free, OA=open archive, CA=closed archive, TAMS=top-at-mark-start (previous, next)
|   0|0x0000000704e00000, 0x0000000705000000, 0x0000000705000000|100%| O|  |TAMS 0x0000000704e00000, 0x0000000704e00000| Untracked 
|   1|0x0000000705000000, 0x0000000705200000, 0x0000000705200000|100%| O|  |TAMS 0x0000000705000000, 0x0000000705000000| Untracked 
|   2|0x0000000705200000, 0x0000000705400000, 0x0000000705400000|100%| O|  |TAMS 0x0000000705200000, 0x0000000705200000| Untracked 
|   3|0x0000000705400000, 0x00000007055f5800, 0x0000000705600000| 97%| O|  |TAMS 0x0000000705400000, 0x0000000705400000| Untracked 
|   4|0x0000000705600000, 0x0000000705600000, 0x0000000705800000|  0%| F|  |TAMS 0x0000000705600000, 0x0000000705600000| Untracked 
|   5|0x0000000705800000, 0x0000000705800000, 0x0000000705a00000|  0%| F|  |TAMS 0x0000000705800000, 0x0000000705800000| Untracked 
|   6|0x0000000705a00000, 0x0000000705a00000, 0x0000000705c00000|  0%| F|  |TAMS 0x0000000705a00000, 0x0000000705a00000| Untracked 
|   7|0x0000000705c00000, 0x0000000705c00000, 0x0000000705e00000|  0%| F|  |TAMS 0x0000000705c00000, 0x0000000705c00000| Untracked 
|   8|0x0000000705e00000, 0x0000000705e00000, 0x0000000706000000|  0%| F|  |TAMS 0x0000000705e00000, 0x0000000705e00000| Untracked 
|   9|0x0000000706000000, 0x0000000706000000, 0x0000000706200000|  0%| F|  |TAMS 0x0000000706000000, 0x0000000706000000| Untracked 
|  10|0x0000000706200000, 0x0000000706200000, 0x0000000706400000|  0%| F|  |TAMS 0x0000000706200000, 0x0000000706200000| Untracked 
|  11|0x0000000706400000, 0x0000000706400000, 0x0000000706600000|  0%| F|  |TAMS 0x0000000706400000, 0x0000000706400000| Untracked 
|  12|0x0000000706600000, 0x0000000706600000, 0x0000000706800000|  0%| F|  |TAMS 0x0000000706600000, 0x0000000706600000| Untracked 
|  13|0x0000000706800000, 0x0000000706800000, 0x0000000706a00000|  0%| F|  |TAMS 0x0000000706800000, 0x0000000706800000| Untracked 
|  14|0x0000000706a00000, 0x0000000706a00000, 0x0000000706c00000|  0%| F|  |TAMS 0x0000000706a00000, 0x0000000706a00000| Untracked 
|  15|0x0000000706c00000, 0x0000000706c00000, 0x0000000706e00000|  0%| F|  |TAMS 0x0000000706c00000, 0x0000000706c00000| Untracked 
|  16|0x0000000706e00000, 0x0000000706e00000, 0x0000000707000000|  0%| F|  |TAMS 0x0000000706e00000, 0x0000000706e00000| Untracked 
|  17|0x0000000707000000, 0x0000000707000000, 0x0000000707200000|  0%| F|  |TAMS 0x0000000707000000, 0x0000000707000000| Untracked 
|  18|0x0000000707200000, 0x0000000707200000, 0x0000000707400000|  0%| F|  |TAMS 0x0000000707200000, 0x0000000707200000| Untracked 
|  19|0x0000000707400000, 0x0000000707400000, 0x0000000707600000|  0%| F|  |TAMS 0x0000000707400000, 0x0000000707400000| Untracked 
|  20|0x0000000707600000, 0x0000000707600000, 0x0000000707800000|  0%| F|  |TAMS 0x0000000707600000, 0x0000000707600000| Untracked 
|  21|0x0000000707800000, 0x0000000707800000, 0x0000000707a00000|  0%| F|  |TAMS 0x0000000707800000, 0x0000000707800000| Untracked 
|  22|0x0000000707a00000, 0x0000000707a00000, 0x0000000707c00000|  0%| F|  |TAMS 0x0000000707a00000, 0x0000000707a00000| Untracked 
|  23|0x0000000707c00000, 0x0000000707c00000, 0x0000000707e00000|  0%| F|  |TAMS 0x0000000707c00000, 0x0000000707c00000| Untracked 
|  24|0x0000000707e00000, 0x0000000707e00000, 0x0000000708000000|  0%| F|  |TAMS 0x0000000707e00000, 0x0000000707e00000| Untracked 
|  25|0x0000000708000000, 0x0000000708000000, 0x0000000708200000|  0%| F|  |TAMS 0x0000000708000000, 0x0000000708000000| Untracked 
|  26|0x0000000708200000, 0x0000000708200000, 0x0000000708400000|  0%| F|  |TAMS 0x0000000708200000, 0x0000000708200000| Untracked 
|  27|0x0000000708400000, 0x0000000708400000, 0x0000000708600000|  0%| F|  |TAMS 0x0000000708400000, 0x0000000708400000| Untracked 
|  28|0x0000000708600000, 0x0000000708600000, 0x0000000708800000|  0%| F|  |TAMS 0x0000000708600000, 0x0000000708600000| Untracked 
|  29|0x0000000708800000, 0x0000000708800000, 0x0000000708a00000|  0%| F|  |TAMS 0x0000000708800000, 0x0000000708800000| Untracked 
|  30|0x0000000708a00000, 0x0000000708a00000, 0x0000000708c00000|  0%| F|  |TAMS 0x0000000708a00000, 0x0000000708a00000| Untracked 
|  31|0x0000000708c00000, 0x0000000708c00000, 0x0000000708e00000|  0%| F|  |TAMS 0x0000000708c00000, 0x0000000708c00000| Untracked 
|  32|0x0000000708e00000, 0x0000000708e00000, 0x0000000709000000|  0%| F|  |TAMS 0x0000000708e00000, 0x0000000708e00000| Untracked 
|  33|0x0000000709000000, 0x0000000709000000, 0x0000000709200000|  0%| F|  |TAMS 0x0000000709000000, 0x0000000709000000| Untracked 
|  34|0x0000000709200000, 0x0000000709200000, 0x0000000709400000|  0%| F|  |TAMS 0x0000000709200000, 0x0000000709200000| Untracked 
|  35|0x0000000709400000, 0x0000000709400000, 0x0000000709600000|  0%| F|  |TAMS 0x0000000709400000, 0x0000000709400000| Untracked 
|  36|0x0000000709600000, 0x0000000709600000, 0x0000000709800000|  0%| F|  |TAMS 0x0000000709600000, 0x0000000709600000| Untracked 
|  37|0x0000000709800000, 0x0000000709800000, 0x0000000709a00000|  0%| F|  |TAMS 0x0000000709800000, 0x0000000709800000| Untracked 
|  38|0x0000000709a00000, 0x0000000709a00000, 0x0000000709c00000|  0%| F|  |TAMS 0x0000000709a00000, 0x0000000709a00000| Untracked 
|  39|0x0000000709c00000, 0x0000000709c00000, 0x0000000709e00000|  0%| F|  |TAMS 0x0000000709c00000, 0x0000000709c00000| Untracked 
|  40|0x0000000709e00000, 0x0000000709e00000, 0x000000070a000000|  0%| F|  |TAMS 0x0000000709e00000, 0x0000000709e00000| Untracked 
|  41|0x000000070a000000, 0x000000070a000000, 0x000000070a200000|  0%| F|  |TAMS 0x000000070a000000, 0x000000070a000000| Untracked 
|  42|0x000000070a200000, 0x000000070a200000, 0x000000070a400000|  0%| F|  |TAMS 0x000000070a200000, 0x000000070a200000| Untracked 
|  43|0x000000070a400000, 0x000000070a400000, 0x000000070a600000|  0%| F|  |TAMS 0x000000070a400000, 0x000000070a400000| Untracked 
|  44|0x000000070a600000, 0x000000070a600000, 0x000000070a800000|  0%| F|  |TAMS 0x000000070a600000, 0x000000070a600000| Untracked 
|  45|0x000000070a800000, 0x000000070a800000, 0x000000070aa00000|  0%| F|  |TAMS 0x000000070a800000, 0x000000070a800000| Untracked 
|  46|0x000000070aa00000, 0x000000070aa00000, 0x000000070ac00000|  0%| F|  |TAMS 0x000000070aa00000, 0x000000070aa00000| Untracked 
|  47|0x000000070ac00000, 0x000000070ac00000, 0x000000070ae00000|  0%| F|  |TAMS 0x000000070ac00000, 0x000000070ac00000| Untracked 
|  48|0x000000070ae00000, 0x000000070ae00000, 0x000000070b000000|  0%| F|  |TAMS 0x000000070ae00000, 0x000000070ae00000| Untracked 
|  49|0x000000070b000000, 0x000000070b000000, 0x000000070b200000|  0%| F|  |TAMS 0x000000070b000000, 0x000000070b000000| Untracked 
|  50|0x000000070b200000, 0x000000070b200000, 0x000000070b400000|  0%| F|  |TAMS 0x000000070b200000, 0x000000070b200000| Untracked 
|  51|0x000000070b400000, 0x000000070b400000, 0x000000070b600000|  0%| F|  |TAMS 0x000000070b400000, 0x000000070b400000| Untracked 
|  52|0x000000070b600000, 0x000000070b600000, 0x000000070b800000|  0%| F|  |TAMS 0x000000070b600000, 0x000000070b600000| Untracked 
|  53|0x000000070b800000, 0x000000070b800000, 0x000000070ba00000|  0%| F|  |TAMS 0x000000070b800000, 0x000000070b800000| Untracked 
|  54|0x000000070ba00000, 0x000000070ba00000, 0x000000070bc00000|  0%| F|  |TAMS 0x000000070ba00000, 0x000000070ba00000| Untracked 
|  55|0x000000070bc00000, 0x000000070bc00000, 0x000000070be00000|  0%| F|  |TAMS 0x000000070bc00000, 0x000000070bc00000| Untracked 
|  56|0x000000070be00000, 0x000000070be00000, 0x000000070c000000|  0%| F|  |TAMS 0x000000070be00000, 0x000000070be00000| Untracked 
|  57|0x000000070c000000, 0x000000070c000000, 0x000000070c200000|  0%| F|  |TAMS 0x000000070c000000, 0x000000070c000000| Untracked 
|  58|0x000000070c200000, 0x000000070c200000, 0x000000070c400000|  0%| F|  |TAMS 0x000000070c200000, 0x000000070c200000| Untracked 
|  59|0x000000070c400000, 0x000000070c400000, 0x000000070c600000|  0%| F|  |TAMS 0x000000070c400000, 0x000000070c400000| Untracked 
|  60|0x000000070c600000, 0x000000070c600000, 0x000000070c800000|  0%| F|  |TAMS 0x000000070c600000, 0x000000070c600000| Untracked 
|  61|0x000000070c800000, 0x000000070c800000, 0x000000070ca00000|  0%| F|  |TAMS 0x000000070c800000, 0x000000070c800000| Untracked 
|  62|0x000000070ca00000, 0x000000070ca00000, 0x000000070cc00000|  0%| F|  |TAMS 0x000000070ca00000, 0x000000070ca00000| Untracked 
|  63|0x000000070cc00000, 0x000000070cc00000, 0x000000070ce00000|  0%| F|  |TAMS 0x000000070cc00000, 0x000000070cc00000| Untracked 
|  64|0x000000070ce00000, 0x000000070ce00000, 0x000000070d000000|  0%| F|  |TAMS 0x000000070ce00000, 0x000000070ce00000| Untracked 
|  65|0x000000070d000000, 0x000000070d000000, 0x000000070d200000|  0%| F|  |TAMS 0x000000070d000000, 0x000000070d000000| Untracked 
|  66|0x000000070d200000, 0x000000070d200000, 0x000000070d400000|  0%| F|  |TAMS 0x000000070d200000, 0x000000070d200000| Untracked 
|  67|0x000000070d400000, 0x000000070d400000, 0x000000070d600000|  0%| F|  |TAMS 0x000000070d400000, 0x000000070d400000| Untracked 
|  68|0x000000070d600000, 0x000000070d600000, 0x000000070d800000|  0%| F|  |TAMS 0x000000070d600000, 0x000000070d600000| Untracked 
|  69|0x000000070d800000, 0x000000070d800000, 0x000000070da00000|  0%| F|  |TAMS 0x000000070d800000, 0x000000070d800000| Untracked 
|  70|0x000000070da00000, 0x000000070da00000, 0x000000070dc00000|  0%| F|  |TAMS 0x000000070da00000, 0x000000070da00000| Untracked 
|  71|0x000000070dc00000, 0x000000070dc00000, 0x000000070de00000|  0%| F|  |TAMS 0x000000070dc00000, 0x000000070dc00000| Untracked 
|  72|0x000000070de00000, 0x000000070de00000, 0x000000070e000000|  0%| F|  |TAMS 0x000000070de00000, 0x000000070de00000| Untracked 
|  73|0x000000070e000000, 0x000000070e000000, 0x000000070e200000|  0%| F|  |TAMS 0x000000070e000000, 0x000000070e000000| Untracked 
|  74|0x000000070e200000, 0x000000070e200000, 0x000000070e400000|  0%| F|  |TAMS 0x000000070e200000, 0x000000070e200000| Untracked 
|  75|0x000000070e400000, 0x000000070e400000, 0x000000070e600000|  0%| F|  |TAMS 0x000000070e400000, 0x000000070e400000| Untracked 
|  76|0x000000070e600000, 0x000000070e600000, 0x000000070e800000|  0%| F|  |TAMS 0x000000070e600000, 0x000000070e600000| Untracked 
|  77|0x000000070e800000, 0x000000070e800000, 0x000000070ea00000|  0%| F|  |TAMS 0x000000070e800000, 0x000000070e800000| Untracked 
|  78|0x000000070ea00000, 0x000000070ea00000, 0x000000070ec00000|  0%| F|  |TAMS 0x000000070ea00000, 0x000000070ea00000| Untracked 
|  79|0x000000070ec00000, 0x000000070ec00000, 0x000000070ee00000|  0%| F|  |TAMS 0x000000070ec00000, 0x000000070ec00000| Untracked 
|  80|0x000000070ee00000, 0x000000070ee00000, 0x000000070f000000|  0%| F|  |TAMS 0x000000070ee00000, 0x000000070ee00000| Untracked 
|  81|0x000000070f000000, 0x000000070f000000, 0x000000070f200000|  0%| F|  |TAMS 0x000000070f000000, 0x000000070f000000| Untracked 
|  82|0x000000070f200000, 0x000000070f200000, 0x000000070f400000|  0%| F|  |TAMS 0x000000070f200000, 0x000000070f200000| Untracked 
|  83|0x000000070f400000, 0x000000070f400000, 0x000000070f600000|  0%| F|  |TAMS 0x000000070f400000, 0x000000070f400000| Untracked 
|  84|0x000000070f600000, 0x000000070f600000, 0x000000070f800000|  0%| F|  |TAMS 0x000000070f600000, 0x000000070f600000| Untracked 
|  85|0x000000070f800000, 0x000000070f800000, 0x000000070fa00000|  0%| F|  |TAMS 0x000000070f800000, 0x000000070f800000| Untracked 
|  86|0x000000070fa00000, 0x000000070fa00000, 0x000000070fc00000|  0%| F|  |TAMS 0x000000070fa00000, 0x000000070fa00000| Untracked 
|  87|0x000000070fc00000, 0x000000070fc00000, 0x000000070fe00000|  0%| F|  |TAMS 0x000000070fc00000, 0x000000070fc00000| Untracked 
|  88|0x000000070fe00000, 0x000000070fe00000, 0x0000000710000000|  0%| F|  |TAMS 0x000000070fe00000, 0x000000070fe00000| Untracked 
|  89|0x0000000710000000, 0x0000000710000000, 0x0000000710200000|  0%| F|  |TAMS 0x0000000710000000, 0x0000000710000000| Untracked 
|  90|0x0000000710200000, 0x0000000710200000, 0x0000000710400000|  0%| F|  |TAMS 0x0000000710200000, 0x0000000710200000| Untracked 
|  91|0x0000000710400000, 0x0000000710400000, 0x0000000710600000|  0%| F|  |TAMS 0x0000000710400000, 0x0000000710400000| Untracked 
|  92|0x0000000710600000, 0x0000000710600000, 0x0000000710800000|  0%| F|  |TAMS 0x0000000710600000, 0x0000000710600000| Untracked 
|  93|0x0000000710800000, 0x0000000710800000, 0x0000000710a00000|  0%| F|  |TAMS 0x0000000710800000, 0x0000000710800000| Untracked 
|  94|0x0000000710a00000, 0x0000000710a00000, 0x0000000710c00000|  0%| F|  |TAMS 0x0000000710a00000, 0x0000000710a00000| Untracked 
|  95|0x0000000710c00000, 0x0000000710c00000, 0x0000000710e00000|  0%| F|  |TAMS 0x0000000710c00000, 0x0000000710c00000| Untracked 
|  96|0x0000000710e00000, 0x0000000710e00000, 0x0000000711000000|  0%| F|  |TAMS 0x0000000710e00000, 0x0000000710e00000| Untracked 
|  97|0x0000000711000000, 0x0000000711000000, 0x0000000711200000|  0%| F|  |TAMS 0x0000000711000000, 0x0000000711000000| Untracked 
|  98|0x0000000711200000, 0x0000000711200000, 0x0000000711400000|  0%| F|  |TAMS 0x0000000711200000, 0x0000000711200000| Untracked 
|  99|0x0000000711400000, 0x0000000711400000, 0x0000000711600000|  0%| F|  |TAMS 0x0000000711400000, 0x0000000711400000| Untracked 
| 100|0x0000000711600000, 0x0000000711600000, 0x0000000711800000|  0%| F|  |TAMS 0x0000000711600000, 0x0000000711600000| Untracked 
| 101|0x0000000711800000, 0x0000000711800000, 0x0000000711a00000|  0%| F|  |TAMS 0x0000000711800000, 0x0000000711800000| Untracked 
| 102|0x0000000711a00000, 0x0000000711a00000, 0x0000000711c00000|  0%| F|  |TAMS 0x0000000711a00000, 0x0000000711a00000| Untracked 
| 103|0x0000000711c00000, 0x0000000711c00000, 0x0000000711e00000|  0%| F|  |TAMS 0x0000000711c00000, 0x0000000711c00000| Untracked 
| 104|0x0000000711e00000, 0x0000000711e00000, 0x0000000712000000|  0%| F|  |TAMS 0x0000000711e00000, 0x0000000711e00000| Untracked 
| 105|0x0000000712000000, 0x0000000712000000, 0x0000000712200000|  0%| F|  |TAMS 0x0000000712000000, 0x0000000712000000| Untracked 
| 106|0x0000000712200000, 0x0000000712200000, 0x0000000712400000|  0%| F|  |TAMS 0x0000000712200000, 0x0000000712200000| Untracked 
| 107|0x0000000712400000, 0x0000000712400000, 0x0000000712600000|  0%| F|  |TAMS 0x0000000712400000, 0x0000000712400000| Untracked 
| 108|0x0000000712600000, 0x0000000712600000, 0x0000000712800000|  0%| F|  |TAMS 0x0000000712600000, 0x0000000712600000| Untracked 
| 109|0x0000000712800000, 0x0000000712800000, 0x0000000712a00000|  0%| F|  |TAMS 0x0000000712800000, 0x0000000712800000| Untracked 
| 110|0x0000000712a00000, 0x0000000712a00000, 0x0000000712c00000|  0%| F|  |TAMS 0x0000000712a00000, 0x0000000712a00000| Untracked 
| 111|0x0000000712c00000, 0x0000000712c00000, 0x0000000712e00000|  0%| F|  |TAMS 0x0000000712c00000, 0x0000000712c00000| Untracked 
| 112|0x0000000712e00000, 0x0000000712e00000, 0x0000000713000000|  0%| F|  |TAMS 0x0000000712e00000, 0x0000000712e00000| Untracked 
| 113|0x0000000713000000, 0x0000000713000000, 0x0000000713200000|  0%| F|  |TAMS 0x0000000713000000, 0x0000000713000000| Untracked 
| 114|0x0000000713200000, 0x0000000713200000, 0x0000000713400000|  0%| F|  |TAMS 0x0000000713200000, 0x0000000713200000| Untracked 
| 115|0x0000000713400000, 0x0000000713554638, 0x0000000713600000| 66%| S|CS|TAMS 0x0000000713400000, 0x0000000713400000| Complete 
| 116|0x0000000713600000, 0x0000000713600000, 0x0000000713800000|  0%| F|  |TAMS 0x0000000713600000, 0x0000000713600000| Untracked 
| 117|0x0000000713800000, 0x0000000713800000, 0x0000000713a00000|  0%| F|  |TAMS 0x0000000713800000, 0x0000000713800000| Untracked 
| 118|0x0000000713a00000, 0x0000000713a00000, 0x0000000713c00000|  0%| F|  |TAMS 0x0000000713a00000, 0x0000000713a00000| Untracked 
| 119|0x0000000713c00000, 0x0000000713c00000, 0x0000000713e00000|  0%| F|  |TAMS 0x0000000713c00000, 0x0000000713c00000| Untracked 
| 120|0x0000000713e00000, 0x0000000713e00000, 0x0000000714000000|  0%| F|  |TAMS 0x0000000713e00000, 0x0000000713e00000| Untracked 
| 121|0x0000000714000000, 0x0000000714000000, 0x0000000714200000|  0%| F|  |TAMS 0x0000000714000000, 0x0000000714000000| Untracked 
| 122|0x0000000714200000, 0x0000000714200000, 0x0000000714400000|  0%| F|  |TAMS 0x0000000714200000, 0x0000000714200000| Untracked 
| 123|0x0000000714400000, 0x0000000714400000, 0x0000000714600000|  0%| F|  |TAMS 0x0000000714400000, 0x0000000714400000| Untracked 
| 124|0x0000000714600000, 0x0000000714800000, 0x0000000714800000|100%| E|  |TAMS 0x0000000714600000, 0x0000000714600000| Complete 
| 125|0x0000000714800000, 0x0000000714a00000, 0x0000000714a00000|100%| E|CS|TAMS 0x0000000714800000, 0x0000000714800000| Complete 

Card table byte_map: [0x0000020ccd420000,0x0000020ccdc00000] _byte_map_base: 0x0000020cc9bf9000

Marking Bits (Prev, Next): (CMBitMap*) 0x0000020cb48bda50, (CMBitMap*) 0x0000020cb48bda90
 Prev Bits: [0x0000020cce3e0000, 0x0000020cd22a8000)
 Next Bits: [0x0000020cd22b0000, 0x0000020cd6178000)

Polling page: 0x0000020cb28a0000

Metaspace:

Usage:
  Non-class:      8.27 MB used.
      Class:      1.21 MB used.
       Both:      9.49 MB used.

Virtual space:
  Non-class space:       64.00 MB reserved,       8.44 MB ( 13%) committed,  1 nodes.
      Class space:        1.00 GB reserved,       1.38 MB ( <1%) committed,  1 nodes.
             Both:        1.06 GB reserved,       9.81 MB ( <1%) committed. 

Chunk freelists:
   Non-Class:  7.03 MB
       Class:  14.55 MB
        Both:  21.58 MB

MaxMetaspaceSize: unlimited
CompressedClassSpaceSize: 1.00 GB
Initial GC threshold: 21.00 MB
Current GC threshold: 21.00 MB
CDS: on
MetaspaceReclaimPolicy: balanced
 - commit_granule_bytes: 65536.
 - commit_granule_words: 8192.
 - virtual_space_node_default_size: 8388608.
 - enlarge_chunks_in_place: 1.
 - new_chunks_are_fully_committed: 0.
 - uncommit_free_chunks: 1.
 - use_allocation_guard: 0.
 - handle_deallocations: 1.


Internal statistics:

num_allocs_failed_limit: 0.
num_arena_births: 316.
num_arena_deaths: 0.
num_vsnodes_births: 2.
num_vsnodes_deaths: 0.
num_space_committed: 157.
num_space_uncommitted: 0.
num_chunks_returned_to_freelist: 0.
num_chunks_taken_from_freelist: 624.
num_chunk_merges: 0.
num_chunk_splits: 399.
num_chunks_enlarged: 284.
num_inconsistent_stats: 0.

CodeHeap 'non-profiled nmethods': size=120000Kb used=705Kb max_used=705Kb free=119294Kb
 bounds [0x0000020cc51c0000, 0x0000020cc5430000, 0x0000020ccc6f0000]
CodeHeap 'profiled nmethods': size=120000Kb used=3314Kb max_used=3314Kb free=116685Kb
 bounds [0x0000020cbd6f0000, 0x0000020cbda30000, 0x0000020cc4c20000]
CodeHeap 'non-nmethods': size=5760Kb used=1168Kb max_used=1190Kb free=4592Kb
 bounds [0x0000020cc4c20000, 0x0000020cc4e90000, 0x0000020cc51c0000]
 total_blobs=2263 nmethods=1809 adapters=366
 compilation: enabled
              stopped_count=0, restarted_count=0
 full_count=0

Compilation events (20 events):
Event: 6.495 Thread 0x0000020d1a09c690 nmethod 1778 0x0000020cbda11190 code [0x0000020cbda113c0, 0x0000020cbda11a58]
Event: 6.495 Thread 0x0000020d1a09c690 1779       3       java.lang.invoke.LambdaForm::editor (5 bytes)
Event: 6.495 Thread 0x0000020d1a09c690 nmethod 1779 0x0000020cbda11c90 code [0x0000020cbda11e60, 0x0000020cbda121a8]
Event: 6.495 Thread 0x0000020d1a09c690 1780       3       java.lang.invoke.LambdaFormEditor::lambdaFormEditor (12 bytes)
Event: 6.496 Thread 0x0000020d1a09c690 nmethod 1780 0x0000020cbda12310 code [0x0000020cbda124c0, 0x0000020cbda12788]
Event: 6.496 Thread 0x0000020d1a09c690 1781       3       java.lang.invoke.LambdaFormEditor::<init> (10 bytes)
Event: 6.496 Thread 0x0000020d1a09c690 nmethod 1781 0x0000020cbda12910 code [0x0000020cbda12aa0, 0x0000020cbda12c58]
Event: 6.615 Thread 0x0000020d1a09c690 1782       3       jdk.internal.org.objectweb.asm.MethodVisitor::visitInsn (16 bytes)
Event: 6.615 Thread 0x0000020d1a09c690 nmethod 1782 0x0000020cbda12d10 code [0x0000020cbda12ec0, 0x0000020cbda130c8]
Event: 6.616 Thread 0x0000020d1a09c690 1783       3       java.lang.Class::privateGetDeclaredConstructors (79 bytes)
Event: 6.616 Thread 0x0000020d1a09c690 nmethod 1783 0x0000020cbda13190 code [0x0000020cbda13380, 0x0000020cbda138c8]
Event: 6.690 Thread 0x0000020d1a09c690 1784       3       java.lang.invoke.MethodHandles$Lookup::resolveOrFail (44 bytes)
Event: 6.692 Thread 0x0000020d1a09c690 nmethod 1784 0x0000020cbda13a90 code [0x0000020cbda13d40, 0x0000020cbda149e8]
Event: 6.692 Thread 0x0000020d1a09c690 1785       3       java.lang.invoke.MethodHandles$Lookup::getDirectMethodForConstant (72 bytes)
Event: 6.738 Thread 0x0000020d1a09c690 nmethod 1785 0x0000020cbda14e10 code [0x0000020cbda15160, 0x0000020cbda16408]
Event: 6.738 Thread 0x0000020d1a09c690 1786       3       java.lang.reflect.Constructor::newInstanceWithCaller (75 bytes)
Event: 6.738 Thread 0x0000020d1a09c690 nmethod 1786 0x0000020cbda16a10 code [0x0000020cbda16c00, 0x0000020cbda17018]
Event: 6.738 Thread 0x0000020d1a09c690 1787       3       java.lang.reflect.Modifier::isAbstract (14 bytes)
Event: 6.739 Thread 0x0000020d1a09c690 nmethod 1787 0x0000020cbda17190 code [0x0000020cbda17320, 0x0000020cbda17478]
Event: 6.784 Thread 0x0000020d1a09c690 1788   !   3       java.lang.invoke.InnerClassLambdaMetafactory::generateInnerClass (618 bytes)

GC Heap History (4 events):
Event: 1.285 GC heap before
{Heap before GC invocations=0 (full 0):
 garbage-first heap   total 258048K, used 20480K [0x0000000704e00000, 0x0000000800000000)
  region size 2048K, 11 young (22528K), 0 survivors (0K)
 Metaspace       used 4612K, committed 4800K, reserved 1114112K
  class space    used 505K, committed 640K, reserved 1048576K
}
Event: 1.291 GC heap after
{Heap after GC invocations=1 (full 0):
 garbage-first heap   total 258048K, used 8793K [0x0000000704e00000, 0x0000000800000000)
  region size 2048K, 2 young (4096K), 2 survivors (4096K)
 Metaspace       used 4612K, committed 4800K, reserved 1114112K
  class space    used 505K, committed 640K, reserved 1048576K
}
Event: 3.257 GC heap before
{Heap before GC invocations=1 (full 0):
 garbage-first heap   total 258048K, used 27225K [0x0000000704e00000, 0x0000000800000000)
  region size 2048K, 12 young (24576K), 2 survivors (4096K)
 Metaspace       used 8853K, committed 9152K, reserved 1114112K
  class space    used 1087K, committed 1216K, reserved 1048576K
}
Event: 3.261 GC heap after
{Heap after GC invocations=2 (full 0):
 garbage-first heap   total 258048K, used 9511K [0x0000000704e00000, 0x0000000800000000)
  region size 2048K, 1 young (2048K), 1 survivors (2048K)
 Metaspace       used 8853K, committed 9152K, reserved 1114112K
  class space    used 1087K, committed 1216K, reserved 1048576K
}

Dll operation events (11 events):
Event: 0.030 Loaded shared library C:\Program Files\OpenLogic\jdk-17.0.14.7-hotspot\bin\java.dll
Event: 0.050 Loaded shared library C:\Program Files\OpenLogic\jdk-17.0.14.7-hotspot\bin\jsvml.dll
Event: 0.166 Loaded shared library C:\Program Files\OpenLogic\jdk-17.0.14.7-hotspot\bin\zip.dll
Event: 0.173 Loaded shared library C:\Program Files\OpenLogic\jdk-17.0.14.7-hotspot\bin\instrument.dll
Event: 0.183 Loaded shared library C:\Program Files\OpenLogic\jdk-17.0.14.7-hotspot\bin\net.dll
Event: 0.185 Loaded shared library C:\Program Files\OpenLogic\jdk-17.0.14.7-hotspot\bin\nio.dll
Event: 0.188 Loaded shared library C:\Program Files\OpenLogic\jdk-17.0.14.7-hotspot\bin\zip.dll
Event: 0.641 Loaded shared library C:\Program Files\OpenLogic\jdk-17.0.14.7-hotspot\bin\extnet.dll
Event: 0.719 Loaded shared library C:\Program Files\OpenLogic\jdk-17.0.14.7-hotspot\bin\jimage.dll
Event: 1.364 Loaded shared library C:\Program Files\OpenLogic\jdk-17.0.14.7-hotspot\bin\management.dll
Event: 1.368 Loaded shared library C:\Program Files\OpenLogic\jdk-17.0.14.7-hotspot\bin\management_ext.dll

Deoptimization events (20 events):
Event: 1.597 Thread 0x0000020d1a8620a0 Uncommon trap: trap_request=0xffffffde fr.pc=0x0000020cc5240534 relative=0x0000000000000114
Event: 1.597 Thread 0x0000020d1a8620a0 Uncommon trap: reason=class_check action=maybe_recompile pc=0x0000020cc5240534 method=jdk.internal.misc.Unsafe.allocateUninitializedArray(Ljava/lang/Class;I)Ljava/lang/Object; @ 51 c2
Event: 1.597 Thread 0x0000020d1a8620a0 DEOPT PACKING pc=0x0000020cc5240534 sp=0x000000fd5e9fda10
Event: 1.597 Thread 0x0000020d1a8620a0 DEOPT UNPACKING pc=0x0000020cc4c769a3 sp=0x000000fd5e9fd998 mode 2
Event: 1.597 Thread 0x0000020d1a8620a0 Uncommon trap: trap_request=0xffffffde fr.pc=0x0000020cc5240534 relative=0x0000000000000114
Event: 1.597 Thread 0x0000020d1a8620a0 Uncommon trap: reason=class_check action=maybe_recompile pc=0x0000020cc5240534 method=jdk.internal.misc.Unsafe.allocateUninitializedArray(Ljava/lang/Class;I)Ljava/lang/Object; @ 51 c2
Event: 1.597 Thread 0x0000020d1a8620a0 DEOPT PACKING pc=0x0000020cc5240534 sp=0x000000fd5e9fdab0
Event: 1.597 Thread 0x0000020d1a8620a0 DEOPT UNPACKING pc=0x0000020cc4c769a3 sp=0x000000fd5e9fda38 mode 2
Event: 1.597 Thread 0x0000020d1a8620a0 Uncommon trap: trap_request=0xffffffde fr.pc=0x0000020cc5240534 relative=0x0000000000000114
Event: 1.597 Thread 0x0000020d1a8620a0 Uncommon trap: reason=class_check action=maybe_recompile pc=0x0000020cc5240534 method=jdk.internal.misc.Unsafe.allocateUninitializedArray(Ljava/lang/Class;I)Ljava/lang/Object; @ 51 c2
Event: 1.597 Thread 0x0000020d1a8620a0 DEOPT PACKING pc=0x0000020cc5240534 sp=0x000000fd5e9fd8c0
Event: 1.597 Thread 0x0000020d1a8620a0 DEOPT UNPACKING pc=0x0000020cc4c769a3 sp=0x000000fd5e9fd848 mode 2
Event: 1.598 Thread 0x0000020d1a8620a0 Uncommon trap: trap_request=0xffffffde fr.pc=0x0000020cc5240534 relative=0x0000000000000114
Event: 1.598 Thread 0x0000020d1a8620a0 Uncommon trap: reason=class_check action=maybe_recompile pc=0x0000020cc5240534 method=jdk.internal.misc.Unsafe.allocateUninitializedArray(Ljava/lang/Class;I)Ljava/lang/Object; @ 51 c2
Event: 1.598 Thread 0x0000020d1a8620a0 DEOPT PACKING pc=0x0000020cc5240534 sp=0x000000fd5e9fd610
Event: 1.598 Thread 0x0000020d1a8620a0 DEOPT UNPACKING pc=0x0000020cc4c769a3 sp=0x000000fd5e9fd598 mode 2
Event: 3.262 Thread 0x0000020d1a8620a0 Uncommon trap: trap_request=0xffffffde fr.pc=0x0000020cc51f848c relative=0x000000000000044c
Event: 3.263 Thread 0x0000020d1a8620a0 Uncommon trap: reason=class_check action=maybe_recompile pc=0x0000020cc51f848c method=java.util.HashMap.getNode(Ljava/lang/Object;)Ljava/util/HashMap$Node; @ 128 c2
Event: 3.263 Thread 0x0000020d1a8620a0 DEOPT PACKING pc=0x0000020cc51f848c sp=0x000000fd5e9fde30
Event: 3.263 Thread 0x0000020d1a8620a0 DEOPT UNPACKING pc=0x0000020cc4c769a3 sp=0x000000fd5e9fdda8 mode 2

Classes loaded (20 events):
Event: 3.279 Loading class java/io/Console
Event: 3.279 Loading class java/io/Console done
Event: 3.279 Loading class sun/nio/cs/IBM437
Event: 3.279 Loading class sun/nio/cs/IBM437 done
Event: 3.279 Loading class java/io/Console$2
Event: 3.279 Loading class jdk/internal/access/JavaIOAccess
Event: 3.279 Loading class jdk/internal/access/JavaIOAccess done
Event: 3.279 Loading class java/io/Console$2 done
Event: 3.288 Loading class java/util/concurrent/ScheduledExecutorService
Event: 3.288 Loading class java/util/concurrent/ScheduledExecutorService done
Event: 3.288 Loading class java/util/concurrent/Executors$DefaultThreadFactory
Event: 3.288 Loading class java/util/concurrent/Executors$DefaultThreadFactory done
Event: 3.301 Loading class java/util/Collections$UnmodifiableMap$UnmodifiableEntrySet$UnmodifiableEntrySetSpliterator
Event: 3.301 Loading class java/util/Collections$UnmodifiableMap$UnmodifiableEntrySet$UnmodifiableEntrySetSpliterator done
Event: 3.301 Loading class java/util/HashMap$EntrySpliterator
Event: 3.301 Loading class java/util/HashMap$EntrySpliterator done
Event: 6.489 Loading class java/util/Stack
Event: 6.490 Loading class java/util/Stack done
Event: 6.490 Loading class java/util/Vector$Itr
Event: 6.490 Loading class java/util/Vector$Itr done

Classes unloaded (0 events):
No events

Classes redefined (0 events):
No events

Internal exceptions (20 events):
Event: 2.096 Thread 0x0000020d1a8620a0 Exception <a 'java/lang/NoSuchMethodError'{0x00000007139fce48}: 'void java.lang.invoke.DelegatingMethodHandle$Holder.delegate(java.lang.Object, java.lang.Object, int, java.lang.Object)'> (0x00000007139fce48) 
thrown [s\src\hotspot\share\interpreter\linkResolver.cpp, line 759]
Event: 2.100 Thread 0x0000020d1a8620a0 Exception <a 'java/lang/NoSuchMethodError'{0x000000071361d560}: 'int java.lang.invoke.DirectMethodHandle$Holder.invokeVirtual(java.lang.Object, java.lang.Object, java.lang.Object)'> (0x000000071361d560) 
thrown [s\src\hotspot\share\interpreter\linkResolver.cpp, line 759]
Event: 2.101 Thread 0x0000020d1a8620a0 Exception <a 'java/lang/NoSuchMethodError'{0x0000000713621d20}: 'int java.lang.invoke.DirectMethodHandle$Holder.invokeStaticInit(java.lang.Object, int, int)'> (0x0000000713621d20) 
thrown [s\src\hotspot\share\interpreter\linkResolver.cpp, line 759]
Event: 2.101 Thread 0x0000020d1a8620a0 Exception <a 'java/lang/NoSuchMethodError'{0x0000000713629af0}: 'int java.lang.invoke.DirectMethodHandle$Holder.invokeStaticInit(java.lang.Object, long, long)'> (0x0000000713629af0) 
thrown [s\src\hotspot\share\interpreter\linkResolver.cpp, line 759]
Event: 2.102 Thread 0x0000020d1a8620a0 Exception <a 'java/lang/NoSuchMethodError'{0x0000000713630be8}: 'int java.lang.invoke.DirectMethodHandle$Holder.invokeStaticInit(java.lang.Object, float, float)'> (0x0000000713630be8) 
thrown [s\src\hotspot\share\interpreter\linkResolver.cpp, line 759]
Event: 2.102 Thread 0x0000020d1a8620a0 Exception <a 'java/lang/NoSuchMethodError'{0x0000000713637ce8}: 'int java.lang.invoke.DirectMethodHandle$Holder.invokeStaticInit(java.lang.Object, double, double)'> (0x0000000713637ce8) 
thrown [s\src\hotspot\share\interpreter\linkResolver.cpp, line 759]
Event: 2.102 Thread 0x0000020d1a8620a0 Exception <a 'java/lang/NoSuchMethodError'{0x000000071363c560}: 'int java.lang.invoke.DirectMethodHandle$Holder.invokeStatic(java.lang.Object, long)'> (0x000000071363c560) 
thrown [s\src\hotspot\share\interpreter\linkResolver.cpp, line 759]
Event: 2.130 Thread 0x0000020d1a8620a0 Exception <a 'java/lang/NoSuchMethodError'{0x0000000713661038}: 'int java.lang.invoke.Invokers$Holder.linkToTargetMethod(java.lang.Object, java.lang.Object)'> (0x0000000713661038) 
thrown [s\src\hotspot\share\interpreter\linkResolver.cpp, line 759]
Event: 2.155 Thread 0x0000020d1a8620a0 Exception <a 'java/lang/NoSuchMethodError'{0x00000007136e0dd8}: 'java.lang.Object java.lang.invoke.DirectMethodHandle$Holder.invokeSpecial(java.lang.Object, java.lang.Object, java.lang.Object, int, java.lang.Object)'> (0x00000007136e0dd8) 
thrown [s\src\hotspot\share\interpreter\linkResolver.cpp, line 759]
Event: 2.175 Thread 0x0000020d1a8620a0 Exception <a 'java/lang/NoSuchMethodError'{0x00000007136e9340}: 'java.lang.Object java.lang.invoke.DirectMethodHandle$Holder.newInvokeSpecial(java.lang.Object, java.lang.Object, java.lang.Object, int, java.lang.Object)'> (0x00000007136e9340) 
thrown [s\src\hotspot\share\interpreter\linkResolver.cpp, line 759]
Event: 2.176 Thread 0x0000020d1a8620a0 Exception <a 'java/lang/NoSuchMethodError'{0x00000007136f0d10}: 'java.lang.Object java.lang.invoke.Invokers$Holder.linkToTargetMethod(java.lang.Object, java.lang.Object, int, java.lang.Object, java.lang.Object)'> (0x00000007136f0d10) 
thrown [s\src\hotspot\share\interpreter\linkResolver.cpp, line 759]
Event: 2.177 Thread 0x0000020d1a8620a0 Exception <a 'java/lang/NoSuchMethodError'{0x0000000713701018}: 'java.lang.Object java.lang.invoke.DirectMethodHandle$Holder.newInvokeSpecial(java.lang.Object, int, java.lang.Object)'> (0x0000000713701018) 
thrown [s\src\hotspot\share\interpreter\linkResolver.cpp, line 759]
Event: 2.178 Thread 0x0000020d1a8620a0 Exception <a 'java/lang/NoSuchMethodError'{0x00000007137059b8}: 'int java.lang.invoke.DirectMethodHandle$Holder.invokeSpecialIFC(java.lang.Object, java.lang.Object, java.lang.Object, java.lang.Object)'> (0x00000007137059b8) 
thrown [s\src\hotspot\share\interpreter\linkResolver.cpp, line 759]
Event: 3.251 Thread 0x0000020d1a8620a0 Exception <a 'java/lang/NoSuchMethodError'{0x00000007137a9e98}: 'void java.lang.invoke.DirectMethodHandle$Holder.invokeInterface(java.lang.Object, java.lang.Object, java.lang.Object)'> (0x00000007137a9e98) 
thrown [s\src\hotspot\share\interpreter\linkResolver.cpp, line 759]
Event: 3.273 Thread 0x0000020d1a8620a0 Exception <a 'java/lang/NoSuchMethodError'{0x00000007148651e8}: 'void java.lang.invoke.DirectMethodHandle$Holder.invokeStaticInit(java.lang.Object, java.lang.Object, java.lang.Object)'> (0x00000007148651e8) 
thrown [s\src\hotspot\share\interpreter\linkResolver.cpp, line 759]
Event: 3.276 Thread 0x0000020d1a8620a0 Exception <a 'java/lang/NoSuchMethodError'{0x00000007148b1220}: 'java.lang.Object java.lang.invoke.DirectMethodHandle$Holder.invokeVirtual(java.lang.Object, java.lang.Object, java.lang.Object)'> (0x00000007148b1220) 
thrown [s\src\hotspot\share\interpreter\linkResolver.cpp, line 759]
Event: 3.292 Thread 0x0000020d1a8620a0 Exception <a 'java/lang/NoSuchMethodError'{0x00000007149c7f60}: 'java.lang.Object java.lang.invoke.DirectMethodHandle$Holder.newInvokeSpecial(java.lang.Object, long)'> (0x00000007149c7f60) 
thrown [s\src\hotspot\share\interpreter\linkResolver.cpp, line 759]
Event: 3.292 Thread 0x0000020d1a8620a0 Exception <a 'java/lang/NoSuchMethodError'{0x00000007149cf880}: 'void java.lang.invoke.DirectMethodHandle$Holder.invokeVirtual(java.lang.Object, java.lang.Object, java.lang.Object, java.lang.Object)'> (0x00000007149cf880) 
thrown [s\src\hotspot\share\interpreter\linkResolver.cpp, line 759]
Event: 3.309 Thread 0x0000020d1a8620a0 Exception <a 'java/lang/NoSuchMethodError'{0x000000071467e288}: 'java.lang.Object java.lang.invoke.DirectMethodHandle$Holder.invokeSpecial(java.lang.Object, java.lang.Object, long, java.lang.Object, java.lang.Object, java.lang.Object, java.lang.Object, java.lang.Object, java.lang.Object)'> (0x000000071467e288) 
thrown [s\src\hotspot\share\interpreter\linkResolver.cpp, line 759]
Event: 3.310 Thread 0x0000020d1a8620a0 Exception <a 'java/lang/NoSuchMethodError'{0x0000000714682b08}: 'java.lang.Object java.lang.invoke.DelegatingMethodHandle$Holder.reinvoke_L(java.lang.Object, long, java.lang.Object, java.lang.Object, java.lang.Object, java.lang.Object, java.lang.Object, java.lang.Object)'> (0x0000000714682b08) 
thrown [s\src\hotspot\share\interpreter\linkResolver.cpp, line 759]

VM Operations (20 events):
Event: 0.775 Executing VM operation: HandshakeAllThreads done
Event: 0.829 Executing VM operation: HandshakeAllThreads
Event: 0.829 Executing VM operation: HandshakeAllThreads done
Event: 0.884 Executing VM operation: HandshakeAllThreads
Event: 0.884 Executing VM operation: HandshakeAllThreads done
Event: 1.285 Executing VM operation: G1CollectForAllocation
Event: 1.291 Executing VM operation: G1CollectForAllocation done
Event: 2.022 Executing VM operation: HandshakeAllThreads
Event: 2.022 Executing VM operation: HandshakeAllThreads done
Event: 2.094 Executing VM operation: HandshakeAllThreads
Event: 2.095 Executing VM operation: HandshakeAllThreads done
Event: 3.109 Executing VM operation: Cleanup
Event: 3.234 Executing VM operation: Cleanup done
Event: 3.257 Executing VM operation: G1CollectForAllocation
Event: 3.261 Executing VM operation: G1CollectForAllocation done
Event: 4.274 Executing VM operation: Cleanup
Event: 4.369 Executing VM operation: Cleanup done
Event: 5.382 Executing VM operation: Cleanup
Event: 5.382 Executing VM operation: Cleanup done
Event: 7.407 Executing VM operation: Cleanup

Memory protections (0 events):
No events

Nmethod flushes (0 events):
No events

Events (20 events):
Event: 0.055 Thread 0x0000020cb4873890 Thread added: 0x0000020cd6371640
Event: 0.062 Thread 0x0000020cb4873890 Thread added: 0x0000020cd637e490
Event: 0.062 Thread 0x0000020cb4873890 Thread added: 0x0000020d1a089fa0
Event: 0.062 Thread 0x0000020cb4873890 Thread added: 0x0000020d1a08a870
Event: 0.062 Thread 0x0000020cb4873890 Thread added: 0x0000020d1a08b140
Event: 0.062 Thread 0x0000020cb4873890 Thread added: 0x0000020d1a08fd60
Event: 0.062 Thread 0x0000020cb4873890 Thread added: 0x0000020d1a09c690
Event: 0.062 Thread 0x0000020cb4873890 Thread added: 0x0000020d1a09cfa0
Event: 0.143 Thread 0x0000020cb4873890 Thread added: 0x0000020d1a080090
Event: 0.157 Thread 0x0000020d1a09c690 Thread added: 0x0000020d1a0807b0
Event: 0.163 Thread 0x0000020d1a09c690 Thread added: 0x0000020d1a229730
Event: 0.488 Thread 0x0000020d1a229730 Thread exited: 0x0000020d1a229730
Event: 0.623 Thread 0x0000020cb4873890 Thread added: 0x0000020d1a760d00
Event: 0.624 Thread 0x0000020cb4873890 Thread added: 0x0000020d1a7614d0
Event: 0.645 Thread 0x0000020d1a0807b0 Thread exited: 0x0000020d1a0807b0
Event: 0.957 Thread 0x0000020d1a09c690 Thread added: 0x0000020d1a931640
Event: 1.491 Thread 0x0000020cb4873890 Thread added: 0x0000020d1a861bc0
Event: 1.498 Thread 0x0000020d1a861bc0 Thread added: 0x0000020d1a8620a0
Event: 1.921 Thread 0x0000020d1a931640 Thread exited: 0x0000020d1a931640
Event: 3.294 Thread 0x0000020d1a09c690 Thread added: 0x0000020d1f88db20


Dynamic libraries:
0x00007ff6a5240000 - 0x00007ff6a524e000 	C:\Program Files\OpenLogic\jdk-17.0.14.7-hotspot\bin\java.exe
0x00007ffaa6660000 - 0x00007ffaa68c7000 	C:\Windows\SYSTEM32\ntdll.dll
0x00007ffaa4c10000 - 0x00007ffaa4cd9000 	C:\Windows\System32\KERNEL32.DLL
0x00007ffaa31d0000 - 0x00007ffaa35c4000 	C:\Windows\System32\KERNELBASE.dll
0x00007ffaa41f0000 - 0x00007ffaa433b000 	C:\Windows\System32\ucrtbase.dll
0x00007ffa78b30000 - 0x00007ffa78b47000 	C:\Program Files\OpenLogic\jdk-17.0.14.7-hotspot\bin\jli.dll
0x00007ffaa4ce0000 - 0x00007ffaa4ea5000 	C:\Windows\System32\USER32.dll
0x00007ffaa3fb0000 - 0x00007ffaa3fd7000 	C:\Windows\System32\win32u.dll
0x00007ffaa4830000 - 0x00007ffaa485b000 	C:\Windows\System32\GDI32.dll
0x00007ffaa30a0000 - 0x00007ffaa31cb000 	C:\Windows\System32\gdi32full.dll
0x00007ffaa4340000 - 0x00007ffaa43e3000 	C:\Windows\System32\msvcp_win.dll
0x00007ffa74d70000 - 0x00007ffa74d8b000 	C:\Program Files\OpenLogic\jdk-17.0.14.7-hotspot\bin\VCRUNTIME140.dll
0x00007ffa88b50000 - 0x00007ffa88de3000 	C:\Windows\WinSxS\amd64_microsoft.windows.common-controls_6595b64144ccf1df_6.0.26100.8115_none_3e075c82e3354f9c\COMCTL32.dll
0x00007ffaa4860000 - 0x00007ffaa4909000 	C:\Windows\System32\msvcrt.dll
0x00007ffaa43f0000 - 0x00007ffaa4422000 	C:\Windows\System32\IMM32.DLL
0x00007ffa50da0000 - 0x00007ffa50f3e000 	C:\Program Files (x86)\Citrix\ICA Client\ctxapclient64.dll
0x00007ffaa5020000 - 0x00007ffaa53a2000 	C:\Windows\System32\combase.dll
0x00007ffaa6500000 - 0x00007ffaa6618000 	C:\Windows\System32\RPCRT4.dll
0x00007ffaa2e20000 - 0x00007ffaa2e4a000 	C:\Windows\SYSTEM32\bcrypt.dll
0x00007ffaa4eb0000 - 0x00007ffaa4f57000 	C:\Windows\System32\sechost.dll
0x00007ffa97d60000 - 0x00007ffa97d6b000 	C:\Windows\SYSTEM32\VERSION.dll
0x00007ffaa4660000 - 0x00007ffaa4716000 	C:\Windows\System32\ADVAPI32.dll
0x00007ffaa1de0000 - 0x00007ffaa1e16000 	C:\Windows\SYSTEM32\ntmarta.dll
0x00007ffaa3690000 - 0x00007ffaa3735000 	C:\Windows\System32\bcryptprimitives.dll
0x00007ffa789a0000 - 0x00007ffa789ac000 	C:\Program Files\OpenLogic\jdk-17.0.14.7-hotspot\bin\vcruntime140_1.dll
0x00007ffa74cb0000 - 0x00007ffa74d3d000 	C:\Program Files\OpenLogic\jdk-17.0.14.7-hotspot\bin\msvcp140.dll
0x00007ffa74040000 - 0x00007ffa74cac000 	C:\Program Files\OpenLogic\jdk-17.0.14.7-hotspot\bin\server\jvm.dll
0x00007ffaa63f0000 - 0x00007ffaa6470000 	C:\Windows\System32\WS2_32.dll
0x00007ffaa2db0000 - 0x00007ffaa2e0e000 	C:\Windows\SYSTEM32\POWRPROF.dll
0x00007ffa99120000 - 0x00007ffa99156000 	C:\Windows\SYSTEM32\WINMM.dll
0x00007ffaa2d90000 - 0x00007ffaa2da4000 	C:\Windows\SYSTEM32\UMPDC.dll
0x00007ffaa1cc0000 - 0x00007ffaa1cdb000 	C:\Windows\SYSTEM32\kernel.appcore.dll
0x00007ffa73890000 - 0x00007ffa7389a000 	C:\Program Files\OpenLogic\jdk-17.0.14.7-hotspot\bin\jimage.dll
0x00007ffaa0d70000 - 0x00007ffaa0fb2000 	C:\Windows\SYSTEM32\DBGHELP.DLL
0x00007ffaa4a30000 - 0x00007ffaa4b08000 	C:\Windows\System32\OLEAUT32.dll
0x00007ffa87200000 - 0x00007ffa8723b000 	C:\Windows\SYSTEM32\dbgcore.DLL
0x00007ffa9e4f0000 - 0x00007ffa9e4fe000 	C:\Program Files\OpenLogic\jdk-17.0.14.7-hotspot\bin\instrument.dll
0x00007ffa74d40000 - 0x00007ffa74d65000 	C:\Program Files\OpenLogic\jdk-17.0.14.7-hotspot\bin\java.dll
0x00007ffa736d0000 - 0x00007ffa737a6000 	C:\Program Files\OpenLogic\jdk-17.0.14.7-hotspot\bin\jsvml.dll
0x00007ffaa5c80000 - 0x00007ffaa63e7000 	C:\Windows\System32\SHELL32.dll
0x00007ffaa2f30000 - 0x00007ffaa309a000 	C:\Windows\System32\wintypes.dll
0x00007ffaa3740000 - 0x00007ffaa3fa8000 	C:\Windows\System32\windows.storage.dll
0x00007ffaa4b10000 - 0x00007ffaa4c08000 	C:\Windows\System32\SHCORE.dll
0x00007ffaa47b0000 - 0x00007ffaa4816000 	C:\Windows\System32\shlwapi.dll
0x00007ffaa2e50000 - 0x00007ffaa2e79000 	C:\Windows\SYSTEM32\profapi.dll
0x00007ffa7fd20000 - 0x00007ffa7fd38000 	C:\Program Files\OpenLogic\jdk-17.0.14.7-hotspot\bin\zip.dll
0x00007ffa7fd70000 - 0x00007ffa7fd89000 	C:\Program Files\OpenLogic\jdk-17.0.14.7-hotspot\bin\net.dll
0x00007ffa9c7c0000 - 0x00007ffa9c8ed000 	C:\Windows\SYSTEM32\WINHTTP.dll
0x00007ffaa2230000 - 0x00007ffaa229c000 	C:\Windows\system32\mswsock.dll
0x00007ffa7fd50000 - 0x00007ffa7fd66000 	C:\Program Files\OpenLogic\jdk-17.0.14.7-hotspot\bin\nio.dll
0x00007ffa90570000 - 0x00007ffa90578000 	C:\Program Files\OpenLogic\jdk-17.0.14.7-hotspot\bin\extnet.dll
0x00007ffa664d0000 - 0x00007ffa664d9000 	C:\Program Files\OpenLogic\jdk-17.0.14.7-hotspot\bin\management.dll
0x00007ffa66450000 - 0x00007ffa6645b000 	C:\Program Files\OpenLogic\jdk-17.0.14.7-hotspot\bin\management_ext.dll
0x00007ffaa4820000 - 0x00007ffaa4828000 	C:\Windows\System32\PSAPI.DLL

dbghelp: loaded successfully - version: 4.0.5 - missing functions: none
symbol engine: initialized successfully - sym options: 0x614 - pdb path: .;C:\Program Files\OpenLogic\jdk-17.0.14.7-hotspot\bin;C:\Windows\SYSTEM32;C:\Windows\WinSxS\amd64_microsoft.windows.common-controls_6595b64144ccf1df_6.0.26100.8115_none_3e075c82e3354f9c;C:\Program Files (x86)\Citrix\ICA Client;C:\Program Files\OpenLogic\jdk-17.0.14.7-hotspot\bin\server

VM Arguments:
jvm_args: -javaagent:C:\Program Files\JetBrains\IntelliJ IDEA Community Edition 2025.2.6\lib\idea_rt.jar=57937 -Dfile.encoding=UTF-8 
java_command: com.rentora.rentora_backend.RentoraBackendApplication
java_class_path (initial): D:\Springboot\Rentora\rentora-backend\target\classes;C:\Users\gurja\.m2\repository\org\springframework\boot\spring-boot-starter-data-jpa\4.0.4\spring-boot-starter-data-jpa-4.0.4.jar;C:\Users\gurja\.m2\repository\org\springframework\boot\spring-boot-starter\4.0.4\spring-boot-starter-4.0.4.jar;C:\Users\gurja\.m2\repository\org\springframework\boot\spring-boot-starter-logging\4.0.4\spring-boot-starter-logging-4.0.4.jar;C:\Users\gurja\.m2\repository\ch\qos\logback\logback-classic\1.5.32\logback-classic-1.5.32.jar;C:\Users\gurja\.m2\repository\ch\qos\logback\logback-core\1.5.32\logback-core-1.5.32.jar;C:\Users\gurja\.m2\repository\org\apache\logging\log4j\log4j-to-slf4j\2.25.3\log4j-to-slf4j-2.25.3.jar;C:\Users\gurja\.m2\repository\org\apache\logging\log4j\log4j-api\2.25.3\log4j-api-2.25.3.jar;C:\Users\gurja\.m2\repository\org\slf4j\jul-to-slf4j\2.0.17\jul-to-slf4j-2.0.17.jar;C:\Users\gurja\.m2\repository\jakarta\annotation\jakarta.annotation-api\3.0.0\jakarta.annotation-api-3.0.0.jar;C:\Users\gurja\.m2\repository\org\yaml\snakeyaml\2.5\snakeyaml-2.5.jar;C:\Users\gurja\.m2\repository\org\springframework\boot\spring-boot-starter-jdbc\4.0.4\spring-boot-starter-jdbc-4.0.4.jar;C:\Users\gurja\.m2\repository\com\zaxxer\HikariCP\7.0.2\HikariCP-7.0.2.jar;C:\Users\gurja\.m2\repository\org\slf4j\slf4j-api\2.0.17\slf4j-api-2.0.17.jar;C:\Users\gurja\.m2\repository\org\springframework\boot\spring-boot-data-jpa\4.0.4\spring-boot-data-jpa-4.0.4.jar;C:\Users\gurja\.m2\repository\org\springframework\boot\spring-boot-data-commons\4.0.4\spring-boot-data-commons-4.0.4.jar;C:\Users\gurja\.m2\repository\org\springframework\boot\spring-boot-persistence\4.0.4\spring-boot-persistence-4.0.4.jar;C:\Users\gurja\.m2\repository\org\springframework\data\spring-data-commons\4.0.4\spring-data-commons-4.0.4.jar;C:\Users\gurja\.m2\repository\org\springframework\boot\spring-boot-hibernate\4.0.4\spring-boot-hibernate-4.0.4.jar;C:\Users\gurja\.m2\repository\org\springframework\bo
Launcher Type: SUN_STANDARD

[Global flags]
     intx CICompilerCount                          = 4                                         {product} {ergonomic}
     uint ConcGCThreads                            = 3                                         {product} {ergonomic}
     uint G1ConcRefinementThreads                  = 10                                        {product} {ergonomic}
   size_t G1HeapRegionSize                         = 2097152                                   {product} {ergonomic}
    uintx GCDrainStackTargetSize                   = 64                                        {product} {ergonomic}
   size_t InitialHeapSize                          = 264241152                                 {product} {ergonomic}
   size_t MarkStackSize                            = 4194304                                   {product} {ergonomic}
   size_t MaxHeapSize                              = 4213178368                                {product} {ergonomic}
   size_t MaxNewSize                               = 2527068160                                {product} {ergonomic}
   size_t MinHeapDeltaBytes                        = 2097152                                   {product} {ergonomic}
   size_t MinHeapSize                              = 8388608                                   {product} {ergonomic}
    uintx NonNMethodCodeHeapSize                   = 5839372                                {pd product} {ergonomic}
    uintx NonProfiledCodeHeapSize                  = 122909434                              {pd product} {ergonomic}
    uintx ProfiledCodeHeapSize                     = 122909434                              {pd product} {ergonomic}
    uintx ReservedCodeCacheSize                    = 251658240                              {pd product} {ergonomic}
     bool SegmentedCodeCache                       = true                                      {product} {ergonomic}
   size_t SoftMaxHeapSize                          = 4213178368                             {manageable} {ergonomic}
     bool UseCompressedClassPointers               = true                           {product lp64_product} {ergonomic}
     bool UseCompressedOops                        = true                           {product lp64_product} {ergonomic}
     bool UseG1GC                                  = true                                      {product} {ergonomic}
     bool UseLargePagesIndividualAllocation        = false                                  {pd product} {ergonomic}

Logging:
Log output configuration:
 #0: stdout all=warning uptime,level,tags
 #1: stderr all=off uptime,level,tags

Environment Variables:
JAVA_HOME=C:\Program Files\OpenLogic\jdk-17.0.14.7-hotspot\
PATH=C:\Program Files (x86)\VMware\VMware Workstation\bin\;C:\Program Files\OpenLogic\jdk-17.0.14.7-hotspot\bin;C:\Windows\system32;C:\Windows;C:\Windows\System32\Wbem;C:\Windows\System32\WindowsPowerShell\v1.0\;C:\Windows\System32\OpenSSH\;C:\Program Files\dotnet\;C:\Program Files\Microsoft SQL Server\150\Tools\Binn\;C:\Program Files\Microsoft SQL Server\Client SDK\ODBC\170\Tools\Binn\;C:\Program Files (x86)\Microsoft SQL Server\160\Tools\Binn\;C:\Program Files\Microsoft SQL Server\160\Tools\Binn\;C:\Program Files\Microsoft SQL Server\160\DTS\Binn\;C:\Program Files\Docker\Docker\resources\bin;C:\Program Files\Git\cmd;C:\Program Files\nodejs\;C:\Users\gurja\AppData\Local\Android\Sdk\platform-tools;C:\Users\gurja\AppData\Local\Android\Sdk;C:\Users\gurja\AppData\Local\Android\Sdk\emulator;C:\flutter\flutter\bin;C:\Program Files\MySQL\MySQL Server 8.0\bin;C:\Program Files\Apache\apache-maven-3.9.11\bin;C:\Program Files\Tesseract-OCR;C:\Program Files\ngrok;C:\Program Files\PostgreSQL\18\bin;C:\Users\gurja\AppData\Local\Programs\Python\Launcher\;C:\Program Files\MySQL\MySQL Shell 8.0\bin\;C:\Users\gurja\AppData\Local\Microsoft\WindowsApps;C:\Users\gurja\.dotnet\tools;C:\Users\gurja\AppData\Roaming\npm;C:\Users\gurja\AppData\Local\Android\Sdk\emulator;C:\Users\gurja\AppData\Local\Android\Sdk;C:\Users\gurja\AppData\Local\Android\Sdk\platform-tools;C:\flutter\flutter\bin;C:\Users\gurja\AppData\Local\Programs\Microsoft VS Code\bin;C:\Program Files\JetBrains\IntelliJ IDEA Community Edition 2025.2.6\bin;C:\Users\gurja\AppData\Local\Programs\Antigravity\bin;C:\Users\gurja\AppData\Local\Packages\PythonSoftwareFoundation.Python.3.13_qbz5n2kfra8p0\LocalCache\local-packages\Python313\Scripts
USERNAME=gurja
OS=Windows_NT
PROCESSOR_IDENTIFIER=Intel64 Family 6 Model 186 Stepping 3, GenuineIntel
TMP=C:\Users\gurja\AppData\Local\Temp
TEMP=C:\Users\gurja\AppData\Local\Temp



Periodic native trim disabled


---------------  S Y S T E M  ---------------

OS:
 Windows 11 , 64 bit Build 26100 (10.0.26100.8246)
OS uptime: 7 days 0:33 hours
Hyper-V role detected

CPU: total 12 (initial active 12) (6 cores per cpu, 2 threads per core) family 6 model 186 stepping 3 microcode 0x6134, cx8, cmov, fxsr, ht, mmx, 3dnowpref, sse, sse2, sse3, ssse3, sse4.1, sse4.2, popcnt, lzcnt, tsc, tscinvbit, avx, avx2, aes, erms, clmul, bmi1, bmi2, adx, sha, fma, vzeroupper, clflush, clflushopt, clwb, hv
Processor Information for processor 0
  Max Mhz: 1700, Current Mhz: 1700, Mhz Limit: 1700
Processor Information for processor 1
  Max Mhz: 1700, Current Mhz: 1700, Mhz Limit: 1700
Processor Information for processor 2
  Max Mhz: 1700, Current Mhz: 1700, Mhz Limit: 1700
Processor Information for processor 3
  Max Mhz: 1700, Current Mhz: 1700, Mhz Limit: 1700
Processor Information for processor 4
  Max Mhz: 1700, Current Mhz: 1700, Mhz Limit: 1700
Processor Information for processor 5
  Max Mhz: 1700, Current Mhz: 1700, Mhz Limit: 1700
Processor Information for processor 6
  Max Mhz: 1700, Current Mhz: 1558, Mhz Limit: 1700
Processor Information for processor 7
  Max Mhz: 1700, Current Mhz: 1700, Mhz Limit: 1700
Processor Information for processor 8
  Max Mhz: 1700, Current Mhz: 1558, Mhz Limit: 1700
Processor Information for processor 9
  Max Mhz: 1700, Current Mhz: 1558, Mhz Limit: 1700
Processor Information for processor 10
  Max Mhz: 1700, Current Mhz: 1700, Mhz Limit: 1700
Processor Information for processor 11
  Max Mhz: 1700, Current Mhz: 1558, Mhz Limit: 1700

Memory: 4k page, system-wide physical 16068M (1046M free)
TotalPageFile size 40380M (AvailPageFile size 0M)
current process WorkingSet (physical memory assigned to process): 106M, peak: 109M
current process commit charge ("private bytes"): 377M, peak: 379M

vm_info: OpenJDK 64-Bit Server VM (17.0.14+7-adhoc..jdk17u) for windows-amd64 JRE (17.0.14+7-adhoc..jdk17u), built on Jan 22 2025 11:06:43 by "" with MS VC++ 16.10 / 16.11 (VS2019)

END.
